Archive member included to satisfy reference by file (symbol)

../Middlewares/ST/ARM/DSP/Lib\libarm_cortexM4lf_math.a(arm_sin_cos_f32.o)
                              ./User_Algorithm/Src/user_coord.o (arm_sin_cos_f32)
../Middlewares/ST/ARM/DSP/Lib\libarm_cortexM4lf_math.a(arm_sin_f32.o)
                              ./User_Algorithm/Src/user_coord.o (arm_sin_f32)
../Middlewares/ST/ARM/DSP/Lib\libarm_cortexM4lf_math.a(arm_dot_prod_f32.o)
                              ./User_Algorithm/Src/user_coord.o (arm_dot_prod_f32)
../Middlewares/ST/ARM/DSP/Lib\libarm_cortexM4lf_math.a(arm_common_tables.o)
                              ../Middlewares/ST/ARM/DSP/Lib\libarm_cortexM4lf_math.a(arm_sin_cos_f32.o) (sinTable_f32)
C:/ST/STM32CubeIDE_1.19.0/STM32CubeIDE/plugins/com.st.stm32cube.ide.mcu.externaltools.gnu-tools-for-stm32.13.3.rel1.win32_1.0.0.202411081344/tools/bin/../lib/gcc/arm-none-eabi/13.3.1/../../../../arm-none-eabi/lib/thumb/v7e-m+fp/hard\libc_nano.a(libc_a-exit.o)
                              C:/ST/STM32CubeIDE_1.19.0/STM32CubeIDE/plugins/com.st.stm32cube.ide.mcu.externaltools.gnu-tools-for-stm32.13.3.rel1.win32_1.0.0.202411081344/tools/bin/../lib/gcc/arm-none-eabi/13.3.1/../../../../arm-none-eabi/lib/thumb/v7e-m+fp/hard/crt0.o (exit)
C:/ST/STM32CubeIDE_1.19.0/STM32CubeIDE/plugins/com.st.stm32cube.ide.mcu.externaltools.gnu-tools-for-stm32.13.3.rel1.win32_1.0.0.202411081344/tools/bin/../lib/gcc/arm-none-eabi/13.3.1/../../../../arm-none-eabi/lib/thumb/v7e-m+fp/hard\libc_nano.a(libc_a-malloc.o)
                              ./User_Architect/Src/user_queue.o (malloc)
C:/ST/STM32CubeIDE_1.19.0/STM32CubeIDE/plugins/com.st.stm32cube.ide.mcu.externaltools.gnu-tools-for-stm32.13.3.rel1.win32_1.0.0.202411081344/tools/bin/../lib/gcc/arm-none-eabi/13.3.1/../../../../arm-none-eabi/lib/thumb/v7e-m+fp/hard\libc_nano.a(libc_a-mallocr.o)
                              C:/ST/STM32CubeIDE_1.19.0/STM32CubeIDE/plugins/com.st.stm32cube.ide.mcu.externaltools.gnu-tools-for-stm32.13.3.rel1.win32_1.0.0.202411081344/tools/bin/../lib/gcc/arm-none-eabi/13.3.1/../../../../arm-none-eabi/lib/thumb/v7e-m+fp/hard\libc_nano.a(libc_a-malloc.o) (_malloc_r)
C:/ST/STM32CubeIDE_1.19.0/STM32CubeIDE/plugins/com.st.stm32cube.ide.mcu.externaltools.gnu-tools-for-stm32.13.3.rel1.win32_1.0.0.202411081344/tools/bin/../lib/gcc/arm-none-eabi/13.3.1/../../../../arm-none-eabi/lib/thumb/v7e-m+fp/hard\libc_nano.a(libc_a-mlock.o)
                              C:/ST/STM32CubeIDE_1.19.0/STM32CubeIDE/plugins/com.st.stm32cube.ide.mcu.externaltools.gnu-tools-for-stm32.13.3.rel1.win32_1.0.0.202411081344/tools/bin/../lib/gcc/arm-none-eabi/13.3.1/../../../../arm-none-eabi/lib/thumb/v7e-m+fp/hard\libc_nano.a(libc_a-mallocr.o) (__malloc_lock)
C:/ST/STM32CubeIDE_1.19.0/STM32CubeIDE/plugins/com.st.stm32cube.ide.mcu.externaltools.gnu-tools-for-stm32.13.3.rel1.win32_1.0.0.202411081344/tools/bin/../lib/gcc/arm-none-eabi/13.3.1/../../../../arm-none-eabi/lib/thumb/v7e-m+fp/hard\libc_nano.a(libc_a-findfp.o)
                              C:/ST/STM32CubeIDE_1.19.0/STM32CubeIDE/plugins/com.st.stm32cube.ide.mcu.externaltools.gnu-tools-for-stm32.13.3.rel1.win32_1.0.0.202411081344/tools/bin/../lib/gcc/arm-none-eabi/13.3.1/../../../../arm-none-eabi/lib/thumb/v7e-m+fp/hard\libc_nano.a(libc_a-exit.o) (__stdio_exit_handler)
C:/ST/STM32CubeIDE_1.19.0/STM32CubeIDE/plugins/com.st.stm32cube.ide.mcu.externaltools.gnu-tools-for-stm32.13.3.rel1.win32_1.0.0.202411081344/tools/bin/../lib/gcc/arm-none-eabi/13.3.1/../../../../arm-none-eabi/lib/thumb/v7e-m+fp/hard\libc_nano.a(libc_a-fwalk.o)
                              C:/ST/STM32CubeIDE_1.19.0/STM32CubeIDE/plugins/com.st.stm32cube.ide.mcu.externaltools.gnu-tools-for-stm32.13.3.rel1.win32_1.0.0.202411081344/tools/bin/../lib/gcc/arm-none-eabi/13.3.1/../../../../arm-none-eabi/lib/thumb/v7e-m+fp/hard\libc_nano.a(libc_a-findfp.o) (_fwalk_sglue)
C:/ST/STM32CubeIDE_1.19.0/STM32CubeIDE/plugins/com.st.stm32cube.ide.mcu.externaltools.gnu-tools-for-stm32.13.3.rel1.win32_1.0.0.202411081344/tools/bin/../lib/gcc/arm-none-eabi/13.3.1/../../../../arm-none-eabi/lib/thumb/v7e-m+fp/hard\libc_nano.a(libc_a-stdio.o)
                              C:/ST/STM32CubeIDE_1.19.0/STM32CubeIDE/plugins/com.st.stm32cube.ide.mcu.externaltools.gnu-tools-for-stm32.13.3.rel1.win32_1.0.0.202411081344/tools/bin/../lib/gcc/arm-none-eabi/13.3.1/../../../../arm-none-eabi/lib/thumb/v7e-m+fp/hard\libc_nano.a(libc_a-findfp.o) (__sread)
C:/ST/STM32CubeIDE_1.19.0/STM32CubeIDE/plugins/com.st.stm32cube.ide.mcu.externaltools.gnu-tools-for-stm32.13.3.rel1.win32_1.0.0.202411081344/tools/bin/../lib/gcc/arm-none-eabi/13.3.1/../../../../arm-none-eabi/lib/thumb/v7e-m+fp/hard\libc_nano.a(libc_a-memset.o)
                              C:/ST/STM32CubeIDE_1.19.0/STM32CubeIDE/plugins/com.st.stm32cube.ide.mcu.externaltools.gnu-tools-for-stm32.13.3.rel1.win32_1.0.0.202411081344/tools/bin/../lib/gcc/arm-none-eabi/13.3.1/../../../../arm-none-eabi/lib/thumb/v7e-m+fp/hard/crt0.o (memset)
[...]
Memory Configuration

Name             Origin             Length             Attributes
CCMRAM           0x10000000         0x00010000         xrw
RAM              0x20000000         0x00030000         xrw
FLASH            0x08000000         0x00200000         xr
*default*        0x00000000         0xffffffff

Linker script and memory map

LOAD C:/ST/STM32CubeIDE_1.19.0/STM32CubeIDE/plugins/com.st.stm32cube.ide.mcu.externaltools.gnu-tools-for-stm32.13.3.rel1.win32_1.0.0.202411081344/tools/bin/../lib/gcc/arm-none-eabi/13.3.1/thumb/v7e-m+fp/hard/crti.o
LOAD C:/ST/STM32CubeIDE_1.19.0/STM32CubeIDE/plugins/com.st.stm32cube.ide.mcu.externaltools.gnu-tools-for-stm32.13.3.rel1.win32_1.0.0.202411081344/tools/bin/../lib/gcc/arm-none-eabi/13.3.1/thumb/v7e-m+fp/hard/crtbegin.o
LOAD C:/ST/STM32CubeIDE_1.19.0/STM32CubeIDE/plugins/com.st.stm32cube.ide.mcu.externaltools.gnu-tools-for-stm32.13.3.rel1.win32_1.0.0.202411081344/tools/bin/../lib/gcc/arm-none-eabi/13.3.1/../../../../arm-none-eabi/lib/thumb/v7e-m+fp/hard/crt0.o
LOAD ./Core/Src/bsp.o
LOAD ./Core/Src/main.o
LOAD ./Core/Src/stm32f4xx_hal_msp.o
LOAD ./Core/Src/stm32f4xx_it.o
LOAD ./Core/Src/syscalls.o
LOAD ./Core/Src/sysmem.o
LOAD ./Core/Src/system_stm32f4xx.o
LOAD ./Core/Startup/startup_stm32f427iihx.o
LOAD ./Drivers/STM32F4xx_HAL_Driver/Src/stm32f4xx_hal.o
LOAD ./Drivers/STM32F4xx_HAL_Driver/Src/stm32f4xx_hal_can.o
LOAD ./Drivers/STM32F4xx_HAL_Driver/Src/stm32f4xx_hal_cortex.o
LOAD ./Drivers/STM32F4xx_HAL_Driver/Src/stm32f4xx_hal_dma.o
LOAD ./Drivers/STM32F4xx_HAL_Driver/Src/stm32f4xx_hal_dma_ex.o
LOAD ./Drivers/STM32F4xx_HAL_Driver/Src/stm32f4xx_hal_exti.o
LOAD ./Drivers/STM32F4xx_HAL_Driver/Src/stm32f4xx_hal_flash.o
LOAD ./Drivers/STM32F4xx_HAL_Driver/Src/stm32f4xx_hal_flash_ex.o
LOAD ./Drivers/STM32F4xx_HAL_Driver/Src/stm32f4xx_hal_flash_ramfunc.o
LOAD ./Drivers/STM32F4xx_HAL_Driver/Src/stm32f4xx_hal_gpio.o
LOAD ./Drivers/STM32F4xx_HAL_Driver/Src/stm32f4xx_hal_pwr.o
LOAD ./Drivers/STM32F4xx_HAL_Driver/Src/stm32f4xx_hal_pwr_ex.o
LOAD ./Drivers/STM32F4xx_HAL_Driver/Src/stm32f4xx_hal_rcc.o
LOAD ./Drivers/STM32F4xx_HAL_Driver/Src/stm32f4xx_hal_rcc_ex.o
LOAD ./Drivers/STM32F4xx_HAL_Driver/Src/stm32f4xx_hal_tim.o
LOAD ./Drivers/STM32F4xx_HAL_Driver/Src/stm32f4xx_hal_tim_ex.o
LOAD ./Drivers/STM32F4xx_HAL_Driver/Src/stm32f4xx_hal_uart.o
LOAD ./User_Algorithm/Src/user_coord.o
LOAD ./User_Algorithm/Src/user_pid.o
LOAD ./User_Application/Src/swerve_chassis.o
LOAD ./User_Architect/Src/user_codec.o
LOAD ./User_Architect/Src/user_delay.o
LOAD ./User_Architect/Src/user_queue.o
LOAD ./User_Architect/Src/user_ring_buffe.o
LOAD ./User_Drives/Src/user_can.o
LOAD ./User_Drives/Src/user_dji_bus.o
LOAD ./User_Drives/Src/user_dji_motor.o
LOAD ./User_Drives/Src/user_led.o
LOAD ./User_Drives/Src/user_pwm.o
LOAD ./User_Drives/Src/user_uart.o
LOAD ../Middlewares/ST/ARM/DSP/Lib\libarm_cortexM4lf_math.a
START GROUP
LOAD C:/ST/STM32CubeIDE_1.19.0/STM32CubeIDE/plugins/com.st.stm32cube.ide.mcu.externaltools.gnu-tools-for-stm32.13.3.rel1.win32_1.0.0.202411081344/tools/bin/../lib/gcc/arm-none-eabi/13.3.1/../../../../arm-none-eabi/lib/thumb/v7e-m+fp/hard\libc_nano.a
LOAD C:/ST/STM32CubeIDE_1.19.0/STM32CubeIDE/plugins/com.st.stm32cube.ide.mcu.externaltools.gnu-tools-for-stm32.13.3.rel1.win32_1.0.0.202411081344/tools/bin/../lib/gcc/arm-none-eabi/13.3.1/../../../../arm-none-eabi/lib/thumb/v7e-m+fp/hard\libm.a
END GROUP
START GROUP
LOAD C:/ST/STM32CubeIDE_1.19.0/STM32CubeIDE/plugins/com.st.stm32cube.ide.mcu.externaltools.gnu-tools-for-stm32.13.3.rel1.win32_1.0.0.202411081344/tools/bin/../lib/gcc/arm-none-eabi/13.3.1/thumb/v7e-m+fp/hard\libgcc.a
LOAD C:/ST/STM32CubeIDE_1.19.0/STM32CubeIDE/plugins/com.st.stm32cube.ide.mcu.externaltools.gnu-tools-for-stm32.13.3.rel1.win32_1.0.0.202411081344/tools/bin/../lib/gcc/arm-none-eabi/13.3.1/../../../../arm-none-eabi/lib/thumb/v7e-m+fp/hard\libc_nano.a
END GROUP
START GROUP
LOAD C:/ST/STM32CubeIDE_1.19.0/STM32CubeIDE/plugins/com.st.stm32cube.ide.mcu.externaltools.gnu-tools-for-stm32.13.3.rel1.win32_1.0.0.202411081344/tools/bin/../lib/gcc/arm-none-eabi/13.3.1/thumb/v7e-m+fp/hard\libgcc.a
LOAD C:/ST/STM32CubeIDE_1.19.0/STM32CubeIDE/plugins/com.st.stm32cube.ide.mcu.externaltools.gnu-tools-for-stm32.13.3.rel1.win32_1.0.0.202411081344/tools/bin/../lib/gcc/arm-none-eabi/13.3.1/../../../../arm-none-eabi/lib/thumb/v7e-m+fp/hard\libc_nano.a
LOAD C:/ST/STM32CubeIDE_1.19.0/STM32CubeIDE/plugins/com.st.stm32cube.ide.mcu.externaltools.gnu-tools-for-stm32.13.3.rel1.win32_1.0.0.202411081344/tools/bin/../lib/gcc/arm-none-eabi/13.3.1/../../../../arm-none-eabi/lib/thumb/v7e-m+fp/hard\libnosys.a
END GROUP
START GROUP
LOAD C:/ST/STM32CubeIDE_1.19.0/STM32CubeIDE/plugins/com.st.stm32cube.ide.mcu.externaltools.gnu-tools-for-stm32.13.3.rel1.win32_1.0.0.202411081344/tools/bin/../lib/gcc/arm-none-eabi/13.3.1/thumb/v7e-m+fp/hard\libgcc.a
LOAD C:/ST/STM32CubeIDE_1.19.0/STM32CubeIDE/plugins/com.st.stm32cube.ide.mcu.externaltools.gnu-tools-for-stm32.13.3.rel1.win32_1.0.0.202411081344/tools/bin/../lib/gcc/arm-none-eabi/13.3.1/../../../../arm-none-eabi/lib/thumb/v7e-m+fp/hard\libc_nano.a
LOAD C:/ST/STM32CubeIDE_1.19.0/STM32CubeIDE/plugins/com.st.stm32cube.ide.mcu.externaltools.gnu-tools-for-stm32.13.3.rel1.win32_1.0.0.202411081344/tools/bin/../lib/gcc/arm-none-eabi/13.3.1/../../../../arm-none-eabi/lib/thumb/v7e-m+fp/hard\libnosys.a
END GROUP
LOAD C:/ST/STM32CubeIDE_1.19.0/STM32CubeIDE/plugins/com.st.stm32cube.ide.mcu.externaltools.gnu-tools-for-stm32.13.3.rel1.win32_1.0.0.202411081344/tools/bin/../lib/gcc/arm-none-eabi/13.3.1/thumb/v7e-m+fp/hard/crtend.o
LOAD C:/ST/STM32CubeIDE_1.19.0/STM32CubeIDE/plugins/com.st.stm32cube.ide.mcu.externaltools.gnu-tools-for-stm32.13.3.rel1.win32_1.0.0.202411081344/tools/bin/../lib/gcc/arm-none-eabi/13.3.1/thumb/v7e-m+fp/hard/crtn.o
                0x20030000                        _estack = (ORIGIN (RAM) + LENGTH (RAM))
                0x00000200                        _Min_Heap_Size = 0x200
                0x00000400                        _Min_Stack_Size = 0x400

.isr_vector     0x08000000      0x1ac
                0x08000000                        . = ALIGN (0x4)
 *(.isr_vector)
 .isr_vector    0x08000000      0x1ac ./Core/Startup/startup_stm32f427iihx.o
                0x08000000                g_pfnVectors
                0x080001ac                        . = ALIGN (0x4)

.text           0x080001ac     0x4f84
                0x080001ac                        . = ALIGN (0x4)
 *(.text)
 .text          0x080001ac       0x40 C:/ST/STM32CubeIDE_1.19.0/STM32CubeIDE/plugins/com.st.stm32cube.ide.mcu.externaltools.gnu-tools-for-stm32.13.3.rel1.win32_1.0.0.202411081344/tools/bin/../lib/gcc/arm-none-eabi/13.3.1/thumb/v7e-m+fp/hard/crtbegin.o
 .text          0x080001ec       0x30 C:/ST/STM32CubeIDE_1.19.0/STM32CubeIDE/plugins/com.st.stm32cube.ide.mcu.externaltools.gnu-tools-for-stm32.13.3.rel1.win32_1.0.0.202411081344/tools/bin/../lib/gcc/arm-none-eabi/13.3.1/thumb/v7e-m+fp/hard\libgcc.a(_aeabi_uldivmod.o)
                0x080001ec                __aeabi_uldivmod
 .text          0x0800021c      0x2f8 C:/ST/STM32CubeIDE_1.19.0/STM32CubeIDE/plugins/com.st.stm32cube.ide.mcu.externaltools.gnu-tools-for-stm32.13.3.rel1.win32_1.0.0.202411081344/tools/bin/../lib/gcc/arm-none-eabi/13.3.1/thumb/v7e-m+fp/hard\libgcc.a(_udivmoddi4.o)
                0x0800021c                __udivmoddi4
 .text          0x08000514        0x4 C:/ST/STM32CubeIDE_1.19.0/STM32CubeIDE/plugins/com.st.stm32cube.ide.mcu.externaltools.gnu-tools-for-stm32.13.3.rel1.win32_1.0.0.202411081344/tools/bin/../lib/gcc/arm-none-eabi/13.3.1/thumb/v7e-m+fp/hard\libgcc.a(_dvmd_tls.o)
                0x08000514                __aeabi_idiv0
                0x08000514                __aeabi_ldiv0
 *(.text*)
 .text.LOOP_EVENT_Handle
                0x08000518       0x38 ./Core/Src/bsp.o
                0x08000518                LOOP_EVENT_Handle
 .text.user_debug_uart_callback
                0x08000550       0x18 ./Core/Src/bsp.o
                0x08000550                user_debug_uart_callback
 .text.user_can_1_callback
                0x08000568       0x18 ./Core/Src/bsp.o
                0x08000568                user_can_1_callback
 .text.user_can_2_callback
                0x08000580       0x18 ./Core/Src/bsp.o
                0x08000580                user_can_2_callback
 .text.main     0x08000598       0xac ./Core/Src/main.o
                0x08000598                main
 .text.SystemClock_Config
                0x08000644       0xe0 ./Core/Src/main.o
                0x08000644                SystemClock_Config
 .text.MX_CAN1_Init
                0x08000724       0x6c ./Core/Src/main.o
 .text.MX_CAN2_Init
                0x08000790       0x6c ./Core/Src/main.o
 .text.MX_TIM14_Init
                0x080007fc       0x48 ./Core/Src/main.o
 .text.MX_USART1_UART_Init
                0x08000844       0x58 ./Core/Src/main.o
 .text.MX_USART6_UART_Init
                0x0800089c       0x54 ./Core/Src/main.o
 .text.MX_DMA_Init
                0x080008f0       0x60 ./Core/Src/main.o
 .text.MX_GPIO_Init
                0x08000950      0x16c ./Core/Src/main.o
 .text.Error_Handler
                0x08000abc        0xc ./Core/Src/main.o
                0x08000abc                Error_Handler
 .text.HAL_MspInit
                0x08000ac8       0x50 ./Core/Src/stm32f4xx_hal_msp.o
                0x08000ac8                HAL_MspInit
 .text.HAL_CAN_MspInit
                0x08000b18      0x160 ./Core/Src/stm32f4xx_hal_msp.o
                0x08000b18                HAL_CAN_MspInit
 .text.HAL_TIM_Base_MspInit
                0x08000c78       0x44 ./Core/Src/stm32f4xx_hal_msp.o
                0x08000c78                HAL_TIM_Base_MspInit
 .text.HAL_UART_MspInit
                0x08000cbc      0x24c ./Core/Src/stm32f4xx_hal_msp.o
                0x08000cbc                HAL_UART_MspInit
 .text.NMI_Handler
                0x08000f08        0x8 ./Core/Src/stm32f4xx_it.o
                0x08000f08                NMI_Handler
 .text.HardFault_Handler
                0x08000f10        0x8 ./Core/Src/stm32f4xx_it.o
                0x08000f10                HardFault_Handler
 .text.MemManage_Handler
                0x08000f18        0x8 ./Core/Src/stm32f4xx_it.o
                0x08000f18                MemManage_Handler
 .text.BusFault_Handler
                0x08000f20        0x8 ./Core/Src/stm32f4xx_it.o
                0x08000f20                BusFault_Handler
 .text.UsageFault_Handler
                0x08000f28        0x8 ./Core/Src/stm32f4xx_it.o
                0x08000f28                UsageFault_Handler
 .text.SVC_Handler
                0x08000f30        0xe ./Core/Src/stm32f4xx_it.o
                0x08000f30                SVC_Handler
 .text.DebugMon_Handler
                0x08000f3e        0xe ./Core/Src/stm32f4xx_it.o
                0x08000f3e                DebugMon_Handler
 .text.PendSV_Handler
                0x08000f4c        0xe ./Core/Src/stm32f4xx_it.o
                0x08000f4c                PendSV_Handler
 .text.SysTick_Handler
                0x08000f5a        0xc ./Core/Src/stm32f4xx_it.o
                0x08000f5a                SysTick_Handler
 *fill*         0x08000f66        0x2 
 .text.CAN1_RX0_IRQHandler
                0x08000f68       0x14 ./Core/Src/stm32f4xx_it.o
                0x08000f68                CAN1_RX0_IRQHandler
 .text.USART1_IRQHandler
                0x08000f7c       0x14 ./Core/Src/stm32f4xx_it.o
                0x08000f7c                USART1_IRQHandler
 .text.DMA2_Stream1_IRQHandler
                0x08000f90       0x14 ./Core/Src/stm32f4xx_it.o
                0x08000f90                DMA2_Stream1_IRQHandler
 .text.DMA2_Stream2_IRQHandler
                0x08000fa4       0x14 ./Core/Src/stm32f4xx_it.o
                0x08000fa4                DMA2_Stream2_IRQHandler
 .text.CAN2_RX0_IRQHandler
                0x08000fb8       0x14 ./Core/Src/stm32f4xx_it.o
                0x08000fb8                CAN2_RX0_IRQHandler
 .text.DMA2_Stream6_IRQHandler
                0x08000fcc       0x14 ./Core/Src/stm32f4xx_it.o
                0x08000fcc                DMA2_Stream6_IRQHandler
 .text.USART6_IRQHandler
                0x08000fe0       0x14 ./Core/Src/stm32f4xx_it.o
                0x08000fe0                USART6_IRQHandler
 .text.SystemInit
                0x08000ff4       0x24 ./Core/Src/system_stm32f4xx.o
                0x08000ff4                SystemInit
 .text.Reset_Handler
                0x08001018       0x50 ./Core/Startup/startup_stm32f427iihx.o
                0x08001018                Reset_Handler
 .text.Default_Handler
                0x08001068        0x2 ./Core/Startup/startup_stm32f427iihx.o
                0x08001068                RTC_Alarm_IRQHandler
                0x08001068                HASH_RNG_IRQHandler
                0x08001068                EXTI2_IRQHandler
                0x08001068                TIM8_CC_IRQHandler
                0x08001068                UART8_IRQHandler
                0x08001068                SPI4_IRQHandler
                0x08001068                TIM1_CC_IRQHandler
                0x08001068                DMA2_Stream5_IRQHandler
                0x08001068                DMA1_Stream5_IRQHandler
                0x08001068                PVD_IRQHandler
                0x08001068                SDIO_IRQHandler
                0x08001068                TAMP_STAMP_IRQHandler
                0x08001068                CAN2_RX1_IRQHandler
                0x08001068                EXTI3_IRQHandler
                0x08001068                TIM8_TRG_COM_TIM14_IRQHandler
                0x08001068                TIM1_UP_TIM10_IRQHandler
                0x08001068                TIM8_UP_TIM13_IRQHandler
                0x08001068                I2C3_ER_IRQHandler
                0x08001068                EXTI0_IRQHandler
                0x08001068                I2C2_EV_IRQHandler
                0x08001068                DMA1_Stream2_IRQHandler
                0x08001068                FPU_IRQHandler
                0x08001068                OTG_HS_WKUP_IRQHandler
                0x08001068                CAN2_SCE_IRQHandler
                0x08001068                SPI1_IRQHandler
                0x08001068                TIM6_DAC_IRQHandler
                0x08001068                TIM1_BRK_TIM9_IRQHandler
                0x08001068                DCMI_IRQHandler
                0x08001068                DMA2_Stream3_IRQHandler
                0x08001068                USART3_IRQHandler
                0x08001068                CAN1_RX1_IRQHandler
                0x08001068                UART5_IRQHandler
                0x08001068                DMA2_Stream0_IRQHandler
                0x08001068                TIM4_IRQHandler
                0x08001068                I2C1_EV_IRQHandler
                0x08001068                DMA1_Stream6_IRQHandler
                0x08001068                DMA1_Stream1_IRQHandler
                0x08001068                UART4_IRQHandler
                0x08001068                TIM3_IRQHandler
                0x08001068                RCC_IRQHandler
                0x08001068                TIM8_BRK_TIM12_IRQHandler
                0x08001068                Default_Handler
                0x08001068                EXTI15_10_IRQHandler
                0x08001068                ADC_IRQHandler
                0x08001068                DMA1_Stream7_IRQHandler
                0x08001068                SPI5_IRQHandler
                0x08001068                TIM7_IRQHandler
                0x08001068                CAN2_TX_IRQHandler
                0x08001068                TIM5_IRQHandler
                0x08001068                DMA2_Stream7_IRQHandler
                0x08001068                I2C3_EV_IRQHandler
                0x08001068                EXTI9_5_IRQHandler
                0x08001068                RTC_WKUP_IRQHandler
                0x08001068                ETH_WKUP_IRQHandler
                0x08001068                SPI2_IRQHandler
                0x08001068                OTG_HS_EP1_IN_IRQHandler
                0x08001068                DMA1_Stream0_IRQHandler
                0x08001068                CAN1_TX_IRQHandler
                0x08001068                EXTI4_IRQHandler
                0x08001068                ETH_IRQHandler
                0x08001068                OTG_HS_EP1_OUT_IRQHandler
                0x08001068                WWDG_IRQHandler
                0x08001068                SPI6_IRQHandler
                0x08001068                TIM2_IRQHandler
                0x08001068                OTG_FS_WKUP_IRQHandler
                0x08001068                TIM1_TRG_COM_TIM11_IRQHandler
                0x08001068                OTG_HS_IRQHandler
                0x08001068                DMA2D_IRQHandler
                0x08001068                EXTI1_IRQHandler
                0x08001068                UART7_IRQHandler
                0x08001068                USART2_IRQHandler
                0x08001068                I2C2_ER_IRQHandler
                0x08001068                CAN1_SCE_IRQHandler
                0x08001068                FLASH_IRQHandler
                0x08001068                DMA2_Stream4_IRQHandler
                0x08001068                OTG_FS_IRQHandler
                0x08001068                SPI3_IRQHandler
                0x08001068                DMA1_Stream4_IRQHandler
                0x08001068                I2C1_ER_IRQHandler
                0x08001068                FMC_IRQHandler
                0x08001068                SAI1_IRQHandler
                0x08001068                DMA1_Stream3_IRQHandler
 *fill*         0x0800106a        0x2 
 .text.HAL_Init
                0x0800106c       0x44 ./Drivers/STM32F4xx_HAL_Driver/Src/stm32f4xx_hal.o
                0x0800106c                HAL_Init
 .text.HAL_InitTick
                0x080010b0       0x60 ./Drivers/STM32F4xx_HAL_Driver/Src/stm32f4xx_hal.o
                0x080010b0                HAL_InitTick
 .text.HAL_IncTick
                0x08001110       0x28 ./Drivers/STM32F4xx_HAL_Driver/Src/stm32f4xx_hal.o
                0x08001110                HAL_IncTick
 .text.HAL_GetTick
                0x08001138       0x18 ./Drivers/STM32F4xx_HAL_Driver/Src/stm32f4xx_hal.o
                0x08001138                HAL_GetTick
 .text.HAL_Delay
                0x08001150       0x48 ./Drivers/STM32F4xx_HAL_Driver/Src/stm32f4xx_hal.o
                0x08001150                HAL_Delay
 .text.HAL_CAN_Init
                0x08001198      0x1f6 ./Drivers/STM32F4xx_HAL_Driver/Src/stm32f4xx_hal_can.o
                0x08001198                HAL_CAN_Init
 *fill*         0x0800138e        0x2 
 .text.HAL_CAN_ConfigFilter
                0x08001390      0x1bc ./Drivers/STM32F4xx_HAL_Driver/Src/stm32f4xx_hal_can.o
                0x08001390                HAL_CAN_ConfigFilter
 .text.HAL_CAN_Start
                0x0800154c       0x88 ./Drivers/STM32F4xx_HAL_Driver/Src/stm32f4xx_hal_can.o
                0x0800154c                HAL_CAN_Start
 .text.HAL_CAN_GetRxMessage
                0x080015d4      0x244 ./Drivers/STM32F4xx_HAL_Driver/Src/stm32f4xx_hal_can.o
                0x080015d4                HAL_CAN_GetRxMessage
 .text.HAL_CAN_ActivateNotification
                0x08001818       0x4c ./Drivers/STM32F4xx_HAL_Driver/Src/stm32f4xx_hal_can.o
                0x08001818                HAL_CAN_ActivateNotification
 .text.HAL_CAN_IRQHandler
                0x08001864      0x36e ./Drivers/STM32F4xx_HAL_Driver/Src/stm32f4xx_hal_can.o
                0x08001864                HAL_CAN_IRQHandler
 .text.HAL_CAN_TxMailbox0CompleteCallback
                0x08001bd2       0x14 ./Drivers/STM32F4xx_HAL_Driver/Src/stm32f4xx_hal_can.o
                0x08001bd2                HAL_CAN_TxMailbox0CompleteCallback
 .text.HAL_CAN_TxMailbox1CompleteCallback
                0x08001be6       0x14 ./Drivers/STM32F4xx_HAL_Driver/Src/stm32f4xx_hal_can.o
                0x08001be6                HAL_CAN_TxMailbox1CompleteCallback
 .text.HAL_CAN_TxMailbox2CompleteCallback
                0x08001bfa       0x14 ./Drivers/STM32F4xx_HAL_Driver/Src/stm32f4xx_hal_can.o
                0x08001bfa                HAL_CAN_TxMailbox2CompleteCallback
 .text.HAL_CAN_TxMailbox0AbortCallback
                0x08001c0e       0x14 ./Drivers/STM32F4xx_HAL_Driver/Src/stm32f4xx_hal_can.o
                0x08001c0e                HAL_CAN_TxMailbox0AbortCallback
 .text.HAL_CAN_TxMailbox1AbortCallback
                0x08001c22       0x14 ./Drivers/STM32F4xx_HAL_Driver/Src/stm32f4xx_hal_can.o
                0x08001c22                HAL_CAN_TxMailbox1AbortCallback
 .text.HAL_CAN_TxMailbox2AbortCallback
                0x08001c36       0x14 ./Drivers/STM32F4xx_HAL_Driver/Src/stm32f4xx_hal_can.o
                0x08001c36                HAL_CAN_TxMailbox2AbortCallback
 .text.HAL_CAN_RxFifo0FullCallback
                0x08001c4a       0x14 ./Drivers/STM32F4xx_HAL_Driver/Src/stm32f4xx_hal_can.o
                0x08001c4a                HAL_CAN_RxFifo0FullCallback
 .text.HAL_CAN_RxFifo1MsgPendingCallback
                0x08001c5e       0x14 ./Drivers/STM32F4xx_HAL_Driver/Src/stm32f4xx_hal_can.o
                0x08001c5e                HAL_CAN_RxFifo1MsgPendingCallback
 .text.HAL_CAN_RxFifo1FullCallback
                0x08001c72       0x14 ./Drivers/STM32F4xx_HAL_Driver/Src/stm32f4xx_hal_can.o
                0x08001c72                HAL_CAN_RxFifo1FullCallback
 .text.HAL_CAN_SleepCallback
                0x08001c86       0x14 ./Drivers/STM32F4xx_HAL_Driver/Src/stm32f4xx_hal_can.o
                0x08001c86                HAL_CAN_SleepCallback
 .text.HAL_CAN_WakeUpFromRxMsgCallback
                0x08001c9a       0x14 ./Drivers/STM32F4xx_HAL_Driver/Src/stm32f4xx_hal_can.o
                0x08001c9a                HAL_CAN_WakeUpFromRxMsgCallback
 .text.HAL_CAN_ErrorCallback
                0x08001cae       0x14 ./Drivers/STM32F4xx_HAL_Driver/Src/stm32f4xx_hal_can.o
                0x08001cae                HAL_CAN_ErrorCallback
 *fill*         0x08001cc2        0x2 
 .text.__NVIC_SetPriorityGrouping
                0x08001cc4       0x48 ./Drivers/STM32F4xx_HAL_Driver/Src/stm32f4xx_hal_cortex.o
 .text.__NVIC_GetPriorityGrouping
                0x08001d0c       0x1c ./Drivers/STM32F4xx_HAL_Driver/Src/stm32f4xx_hal_cortex.o
 .text.__NVIC_EnableIRQ
                0x08001d28       0x3c ./Drivers/STM32F4xx_HAL_Driver/Src/stm32f4xx_hal_cortex.o
 .text.__NVIC_SetPriority
                0x08001d64       0x54 ./Drivers/STM32F4xx_HAL_Driver/Src/stm32f4xx_hal_cortex.o
 .text.NVIC_EncodePriority
                0x08001db8       0x66 ./Drivers/STM32F4xx_HAL_Driver/Src/stm32f4xx_hal_cortex.o
 *fill*         0x08001e1e        0x2 
 .text.SysTick_Config
                0x08001e20       0x44 ./Drivers/STM32F4xx_HAL_Driver/Src/stm32f4xx_hal_cortex.o
 .text.HAL_NVIC_SetPriorityGrouping
                0x08001e64       0x16 ./Drivers/STM32F4xx_HAL_Driver/Src/stm32f4xx_hal_cortex.o
                0x08001e64                HAL_NVIC_SetPriorityGrouping
 .text.HAL_NVIC_SetPriority
                0x08001e7a       0x38 ./Drivers/STM32F4xx_HAL_Driver/Src/stm32f4xx_hal_cortex.o
                0x08001e7a                HAL_NVIC_SetPriority
 .text.HAL_NVIC_EnableIRQ
                0x08001eb2       0x1c ./Drivers/STM32F4xx_HAL_Driver/Src/stm32f4xx_hal_cortex.o
                0x08001eb2                HAL_NVIC_EnableIRQ
 .text.HAL_SYSTICK_Config
                0x08001ece       0x18 ./Drivers/STM32F4xx_HAL_Driver/Src/stm32f4xx_hal_cortex.o
                0x08001ece                HAL_SYSTICK_Config
 *fill*         0x08001ee6        0x2 
 .text.HAL_DMA_Init
                0x08001ee8      0x15c ./Drivers/STM32F4xx_HAL_Driver/Src/stm32f4xx_hal_dma.o
                0x08001ee8                HAL_DMA_Init
 .text.HAL_DMA_Start_IT
                0x08002044       0xb0 ./Drivers/STM32F4xx_HAL_Driver/Src/stm32f4xx_hal_dma.o
                0x08002044                HAL_DMA_Start_IT
 .text.HAL_DMA_Abort
                0x080020f4       0xe0 ./Drivers/STM32F4xx_HAL_Driver/Src/stm32f4xx_hal_dma.o
                0x080020f4                HAL_DMA_Abort
 .text.HAL_DMA_Abort_IT
                0x080021d4       0x44 ./Drivers/STM32F4xx_HAL_Driver/Src/stm32f4xx_hal_dma.o
                0x080021d4                HAL_DMA_Abort_IT
 .text.HAL_DMA_IRQHandler
                0x08002218      0x314 ./Drivers/STM32F4xx_HAL_Driver/Src/stm32f4xx_hal_dma.o
                0x08002218                HAL_DMA_IRQHandler
 .text.DMA_SetConfig
                0x0800252c       0x5c ./Drivers/STM32F4xx_HAL_Driver/Src/stm32f4xx_hal_dma.o
 .text.DMA_CalcBaseAndBitshift
                0x08002588       0x6c ./Drivers/STM32F4xx_HAL_Driver/Src/stm32f4xx_hal_dma.o
 .text.DMA_CheckFifoParam
                0x080025f4       0xf8 ./Drivers/STM32F4xx_HAL_Driver/Src/stm32f4xx_hal_dma.o
 .text.HAL_GPIO_Init
                0x080026ec      0x358 ./Drivers/STM32F4xx_HAL_Driver/Src/stm32f4xx_hal_gpio.o
                0x080026ec                HAL_GPIO_Init
 .text.HAL_GPIO_WritePin
                0x08002a44       0x32 ./Drivers/STM32F4xx_HAL_Driver/Src/stm32f4xx_hal_gpio.o
                0x08002a44                HAL_GPIO_WritePin
 .text.HAL_GPIO_TogglePin
                0x08002a76       0x34 ./Drivers/STM32F4xx_HAL_Driver/Src/stm32f4xx_hal_gpio.o
                0x08002a76                HAL_GPIO_TogglePin
 *fill*         0x08002aaa        0x2 
 .text.HAL_PWREx_EnableOverDrive
                0x08002aac       0xa0 ./Drivers/STM32F4xx_HAL_Driver/Src/stm32f4xx_hal_pwr_ex.o
                0x08002aac                HAL_PWREx_EnableOverDrive
 .text.HAL_RCC_OscConfig
                0x08002b4c      0x4f0 ./Drivers/STM32F4xx_HAL_Driver/Src/stm32f4xx_hal_rcc.o
                0x08002b4c                HAL_RCC_OscConfig
 .text.HAL_RCC_ClockConfig
                0x0800303c      0x1cc ./Drivers/STM32F4xx_HAL_Driver/Src/stm32f4xx_hal_rcc.o
                0x0800303c                HAL_RCC_ClockConfig
 .text.HAL_RCC_GetSysClockFreq
                0x08003208      0x18c ./Drivers/STM32F4xx_HAL_Driver/Src/stm32f4xx_hal_rcc.o
                0x08003208                HAL_RCC_GetSysClockFreq
 .text.HAL_RCC_GetHCLKFreq
                0x08003394       0x18 ./Drivers/STM32F4xx_HAL_Driver/Src/stm32f4xx_hal_rcc.o
                0x08003394                HAL_RCC_GetHCLKFreq
 .text.HAL_RCC_GetPCLK1Freq
                0x080033ac       0x28 ./Drivers/STM32F4xx_HAL_Driver/Src/stm32f4xx_hal_rcc.o
                0x080033ac                HAL_RCC_GetPCLK1Freq
 .text.HAL_RCC_GetPCLK2Freq
                0x080033d4       0x28 ./Drivers/STM32F4xx_HAL_Driver/Src/stm32f4xx_hal_rcc.o
                0x080033d4                HAL_RCC_GetPCLK2Freq
 .text.HAL_TIM_Base_Init
                0x080033fc       0x9e ./Drivers/STM32F4xx_HAL_Driver/Src/stm32f4xx_hal_tim.o
                0x080033fc                HAL_TIM_Base_Init
 *fill*         0x0800349a        0x2 
 .text.TIM_Base_SetConfig
                0x0800349c      0x14c ./Drivers/STM32F4xx_HAL_Driver/Src/stm32f4xx_hal_tim.o
                0x0800349c                TIM_Base_SetConfig
 .text.HAL_UART_Init
                0x080035e8       0xa0 ./Drivers/STM32F4xx_HAL_Driver/Src/stm32f4xx_hal_uart.o
                0x080035e8                HAL_UART_Init
 .text.HAL_UART_Transmit_DMA
                0x08003688       0xf8 ./Drivers/STM32F4xx_HAL_Driver/Src/stm32f4xx_hal_uart.o
                0x08003688                HAL_UART_Transmit_DMA
 .text.HAL_UARTEx_ReceiveToIdle_DMA
                0x08003780       0xb2 ./Drivers/STM32F4xx_HAL_Driver/Src/stm32f4xx_hal_uart.o
                0x08003780                HAL_UARTEx_ReceiveToIdle_DMA
 *fill*         0x08003832        0x2 
 .text.HAL_UART_IRQHandler
                0x08003834      0x554 ./Drivers/STM32F4xx_HAL_Driver/Src/stm32f4xx_hal_uart.o
                0x08003834                HAL_UART_IRQHandler
 .text.HAL_UART_TxHalfCpltCallback
                0x08003d88       0x14 ./Drivers/STM32F4xx_HAL_Driver/Src/stm32f4xx_hal_uart.o
                0x08003d88                HAL_UART_TxHalfCpltCallback
 .text.HAL_UART_RxCpltCallback
                0x08003d9c       0x14 ./Drivers/STM32F4xx_HAL_Driver/Src/stm32f4xx_hal_uart.o
                0x08003d9c                HAL_UART_RxCpltCallback
 .text.HAL_UART_RxHalfCpltCallback
                0x08003db0       0x14 ./Drivers/STM32F4xx_HAL_Driver/Src/stm32f4xx_hal_uart.o
                0x08003db0                HAL_UART_RxHalfCpltCallback
 .text.HAL_UART_ErrorCallback
                0x08003dc4       0x14 ./Drivers/STM32F4xx_HAL_Driver/Src/stm32f4xx_hal_uart.o
                0x08003dc4                HAL_UART_ErrorCallback
 .text.UART_DMATransmitCplt
                0x08003dd8       0x9a ./Drivers/STM32F4xx_HAL_Driver/Src/stm32f4xx_hal_uart.o
 .text.UART_DMATxHalfCplt
                0x08003e72       0x1c ./Drivers/STM32F4xx_HAL_Driver/Src/stm32f4xx_hal_uart.o
 .text.UART_DMAReceiveCplt
                0x08003e8e      0x12c ./Drivers/STM32F4xx_HAL_Driver/Src/stm32f4xx_hal_uart.o
 .text.UART_DMARxHalfCplt
                0x08003fba       0x3c ./Drivers/STM32F4xx_HAL_Driver/Src/stm32f4xx_hal_uart.o
 .text.UART_DMAError
                0x08003ff6       0x94 ./Drivers/STM32F4xx_HAL_Driver/Src/stm32f4xx_hal_uart.o
 *fill*         0x0800408a        0x2 
 .text.UART_Start_Receive_DMA
                0x0800408c      0x14c ./Drivers/STM32F4xx_HAL_Driver/Src/stm32f4xx_hal_uart.o
                0x0800408c                UART_Start_Receive_DMA
 .text.UART_EndTxTransfer
                0x080041d8       0x50 ./Drivers/STM32F4xx_HAL_Driver/Src/stm32f4xx_hal_uart.o
 .text.UART_EndRxTransfer
                0x08004228       0xc6 ./Drivers/STM32F4xx_HAL_Driver/Src/stm32f4xx_hal_uart.o
 .text.UART_DMAAbortOnError
                0x080042ee       0x22 ./Drivers/STM32F4xx_HAL_Driver/Src/stm32f4xx_hal_uart.o
 .text.UART_Transmit_IT
                0x08004310       0xa0 ./Drivers/STM32F4xx_HAL_Driver/Src/stm32f4xx_hal_uart.o
 .text.UART_EndTransmit_IT
                0x080043b0       0x30 ./Drivers/STM32F4xx_HAL_Driver/Src/stm32f4xx_hal_uart.o
 .text.UART_Receive_IT
                0x080043e0      0x17c ./Drivers/STM32F4xx_HAL_Driver/Src/stm32f4xx_hal_uart.o
 .text.UART_SetConfig
                0x0800455c      0x4e8 ./Drivers/STM32F4xx_HAL_Driver/Src/stm32f4xx_hal_uart.o
 .text.Queue_Pop
                0x08004a44       0x50 ./User_Architect/Src/user_queue.o
                0x08004a44                Queue_Pop
 .text.Queue_IsEmpty
                0x08004a94       0x22 ./User_Architect/Src/user_queue.o
                0x08004a94                Queue_IsEmpty
 .text.Queue_FreeNode
                0x08004ab6       0x30 ./User_Architect/Src/user_queue.o
                0x08004ab6                Queue_FreeNode
 .text.RingBuffer_GetRemain
                0x08004ae6       0x1e ./User_Architect/Src/user_ring_buffe.o
 .text.RingBuffer_GetLength
                0x08004b04       0x36 ./User_Architect/Src/user_ring_buffe.o
                0x08004b04                RingBuffer_GetLength
 .text.RingBuffer_Put
                0x08004b3a       0xa8 ./User_Architect/Src/user_ring_buffe.o
                0x08004b3a                RingBuffer_Put
 *fill*         0x08004be2        0x2 
 .text.CAN_Init
                0x08004be4       0xa8 ./User_Drives/Src/user_can.o
                0x08004be4                CAN_Init
 .text.HAL_CAN_RxFifo0MsgPendingCallback
                0x08004c8c       0x94 ./User_Drives/Src/user_can.o
                0x08004c8c                HAL_CAN_RxFifo0MsgPendingCallback
 .text.LED_Init
                0x08004d20       0x34 ./User_Drives/Src/user_led.o
                0x08004d20                LED_Init
 .text.LED_Toggle
                0x08004d54       0x20 ./User_Drives/Src/user_led.o
                0x08004d54                LED_Toggle
 .text.UART_QueueHandle
                0x08004d74       0x94 ./User_Drives/Src/user_uart.o
 .text.UART_Init
                0x08004e08       0x98 ./User_Drives/Src/user_uart.o
                0x08004e08                UART_Init
 .text.HAL_UART_TxCpltCallback
                0x08004ea0       0x6c ./User_Drives/Src/user_uart.o
                0x08004ea0                HAL_UART_TxCpltCallback
 .text.HAL_UARTEx_RxEventCallback
                0x08004f0c       0xd8 ./User_Drives/Src/user_uart.o
                0x08004f0c                HAL_UARTEx_RxEventCallback
 .text.free     0x08004fe4       0x10 C:/ST/STM32CubeIDE_1.19.0/STM32CubeIDE/plugins/com.st.stm32cube.ide.mcu.externaltools.gnu-tools-for-stm32.13.3.rel1.win32_1.0.0.202411081344/tools/bin/../lib/gcc/arm-none-eabi/13.3.1/../../../../arm-none-eabi/lib/thumb/v7e-m+fp/hard\libc_nano.a(libc_a-malloc.o)
                0x08004fe4                free
 .text.__malloc_lock
                0x08004ff4        0xc C:/ST/STM32CubeIDE_1.19.0/STM32CubeIDE/plugins/com.st.stm32cube.ide.mcu.externaltools.gnu-tools-for-stm32.13.3.rel1.win32_1.0.0.202411081344/tools/bin/../lib/gcc/arm-none-eabi/13.3.1/../../../../arm-none-eabi/lib/thumb/v7e-m+fp/hard\libc_nano.a(libc_a-mlock.o)
                0x08004ff4                __malloc_lock
 .text.__malloc_unlock
                0x08005000        0xc C:/ST/STM32CubeIDE_1.19.0/STM32CubeIDE/plugins/com.st.stm32cube.ide.mcu.externaltools.gnu-tools-for-stm32.13.3.rel1.win32_1.0.0.202411081344/tools/bin/../lib/gcc/arm-none-eabi/13.3.1/../../../../arm-none-eabi/lib/thumb/v7e-m+fp/hard\libc_nano.a(libc_a-mlock.o)
                0x08005000                __malloc_unlock
 .text.memset   0x0800500c       0x10 C:/ST/STM32CubeIDE_1.19.0/STM32CubeIDE/plugins/com.st.stm32cube.ide.mcu.externaltools.gnu-tools-for-stm32.13.3.rel1.win32_1.0.0.202411081344/tools/bin/../lib/gcc/arm-none-eabi/13.3.1/../../../../arm-none-eabi/lib/thumb/v7e-m+fp/hard\libc_nano.a(libc_a-memset.o)
                0x0800500c                memset
 .text.__libc_init_array
                0x0800501c       0x48 C:/ST/STM32CubeIDE_1.19.0/STM32CubeIDE/plugins/com.st.stm32cube.ide.mcu.externaltools.gnu-tools-for-stm32.13.3.rel1.win32_1.0.0.202411081344/tools/bin/../lib/gcc/arm-none-eabi/13.3.1/../../../../arm-none-eabi/lib/thumb/v7e-m+fp/hard\libc_nano.a(libc_a-init.o)
                0x0800501c                __libc_init_array
 .text.__retarget_lock_acquire_recursive
                0x08005064        0x2 C:/ST/STM32CubeIDE_1.19.0/STM32CubeIDE/plugins/com.st.stm32cube.ide.mcu.externaltools.gnu-tools-for-stm32.13.3.rel1.win32_1.0.0.202411081344/tools/bin/../lib/gcc/arm-none-eabi/13.3.1/../../../../arm-none-eabi/lib/thumb/v7e-m+fp/hard\libc_nano.a(libc_a-lock.o)
                0x08005064                __retarget_lock_acquire_recursive
 .text.__retarget_lock_release_recursive
                0x08005066        0x2 C:/ST/STM32CubeIDE_1.19.0/STM32CubeIDE/plugins/com.st.stm32cube.ide.mcu.externaltools.gnu-tools-for-stm32.13.3.rel1.win32_1.0.0.202411081344/tools/bin/../lib/gcc/arm-none-eabi/13.3.1/../../../../arm-none-eabi/lib/thumb/v7e-m+fp/hard\libc_nano.a(libc_a-lock.o)
                0x08005066                __retarget_lock_release_recursive
 .text.memcpy   0x08005068       0x1c C:/ST/STM32CubeIDE_1.19.0/STM32CubeIDE/plugins/com.st.stm32cube.ide.mcu.externaltools.gnu-tools-for-stm32.13.3.rel1.win32_1.0.0.202411081344/tools/bin/../lib/gcc/arm-none-eabi/13.3.1/../../../../arm-none-eabi/lib/thumb/v7e-m+fp/hard\libc_nano.a(libc_a-memcpy-stub.o)
                0x08005068                memcpy
 .text._free_r  0x08005084       0x94 C:/ST/STM32CubeIDE_1.19.0/STM32CubeIDE/plugins/com.st.stm32cube.ide.mcu.externaltools.gnu-tools-for-stm32.13.3.rel1.win32_1.0.0.202411081344/tools/bin/../lib/gcc/arm-none-eabi/13.3.1/../../../../arm-none-eabi/lib/thumb/v7e-m+fp/hard\libc_nano.a(libc_a-freer.o)
                0x08005084                _free_r
 *(.glue_7)
 .glue_7        0x08005118        0x0 linker stubs
 *(.glue_7t)
 .glue_7t       0x08005118        0x0 linker stubs
 *(.eh_frame)
 .eh_frame      0x08005118        0x0 C:/ST/STM32CubeIDE_1.19.0/STM32CubeIDE/plugins/com.st.stm32cube.ide.mcu.externaltools.gnu-tools-for-stm32.13.3.rel1.win32_1.0.0.202411081344/tools/bin/../lib/gcc/arm-none-eabi/13.3.1/thumb/v7e-m+fp/hard/crtbegin.o
 *(.init)
 .init          0x08005118        0x4 C:/ST/STM32CubeIDE_1.19.0/STM32CubeIDE/plugins/com.st.stm32cube.ide.mcu.externaltools.gnu-tools-for-stm32.13.3.rel1.win32_1.0.0.202411081344/tools/bin/../lib/gcc/arm-none-eabi/13.3.1/thumb/v7e-m+fp/hard/crti.o
                0x08005118                _init
 .init          0x0800511c        0x8 C:/ST/STM32CubeIDE_1.19.0/STM32CubeIDE/plugins/com.st.stm32cube.ide.mcu.externaltools.gnu-tools-for-stm32.13.3.rel1.win32_1.0.0.202411081344/tools/bin/../lib/gcc/arm-none-eabi/13.3.1/thumb/v7e-m+fp/hard/crtn.o
 *(.fini)
 .fini          0x08005124        0x4 C:/ST/STM32CubeIDE_1.19.0/STM32CubeIDE/plugins/com.st.stm32cube.ide.mcu.externaltools.gnu-tools-for-stm32.13.3.rel1.win32_1.0.0.202411081344/tools/bin/../lib/gcc/arm-none-eabi/13.3.1/thumb/v7e-m+fp/hard/crti.o
                0x08005124                _fini
 .fini          0x08005128        0x8 C:/ST/STM32CubeIDE_1.19.0/STM32CubeIDE/plugins/com.st.stm32cube.ide.mcu.externaltools.gnu-tools-for-stm32.13.3.rel1.win32_1.0.0.202411081344/tools/bin/../lib/gcc/arm-none-eabi/13.3.1/thumb/v7e-m+fp/hard/crtn.o
                0x08005130                        . = ALIGN (0x4)
                0x08005130                        _etext = .

.vfp11_veneer   0x08005130        0x0
 .vfp11_veneer  0x08005130        0x0 linker stubs

.v4_bx          0x08005130        0x0
 .v4_bx         0x08005130        0x0 linker stubs

.iplt           0x08005130        0x0
 .iplt          0x08005130        0x0 C:/ST/STM32CubeIDE_1.19.0/STM32CubeIDE/plugins/com.st.stm32cube.ide.mcu.externaltools.gnu-tools-for-stm32.13.3.rel1.win32_1.0.0.202411081344/tools/bin/../lib/gcc/arm-none-eabi/13.3.1/thumb/v7e-m+fp/hard/crtbegin.o

.rodata         0x08005130       0x20
                0x08005130                        . = ALIGN (0x4)
 *(.rodata)
 *(.rodata*)
 .rodata.AHBPrescTable
                0x08005130       0x10 ./Core/Src/system_stm32f4xx.o
                0x08005130                AHBPrescTable
 .rodata.APBPrescTable
                0x08005140        0x8 ./Core/Src/system_stm32f4xx.o
                0x08005140                APBPrescTable
 .rodata.flagBitshiftOffset.0
                0x08005148        0x8 ./Drivers/STM32F4xx_HAL_Driver/Src/stm32f4xx_hal_dma.o
                0x08005150                        . = ALIGN (0x4)

.ARM.extab      0x08005150        0x0
                0x08005150                        . = ALIGN (0x4)
 *(.ARM.extab* .gnu.linkonce.armextab.*)
                0x08005150                        . = ALIGN (0x4)

.ARM            0x08005150        0x8
                0x08005150                        . = ALIGN (0x4)
                0x08005150                        __exidx_start = .
 *(.ARM.exidx*)
 .ARM.exidx     0x08005150        0x8 C:/ST/STM32CubeIDE_1.19.0/STM32CubeIDE/plugins/com.st.stm32cube.ide.mcu.externaltools.gnu-tools-for-stm32.13.3.rel1.win32_1.0.0.202411081344/tools/bin/../lib/gcc/arm-none-eabi/13.3.1/thumb/v7e-m+fp/hard\libgcc.a(_udivmoddi4.o)
                0x08005158                        __exidx_end = .
                0x08005158                        . = ALIGN (0x4)

.preinit_array  0x08005158        0x0
                0x08005158                        . = ALIGN (0x4)
                0x08005158                        PROVIDE (__preinit_array_start = .)
 *(.preinit_array*)
                0x08005158                        PROVIDE (__preinit_array_end = .)
                0x08005158                        . = ALIGN (0x4)

.init_array     0x08005158        0x4
                0x08005158                        . = ALIGN (0x4)
                0x08005158                        PROVIDE (__init_array_start = .)
 *(SORT_BY_NAME(.init_array.*))
 *(.init_array*)
 .init_array    0x08005158        0x4 C:/ST/STM32CubeIDE_1.19.0/STM32CubeIDE/plugins/com.st.stm32cube.ide.mcu.externaltools.gnu-tools-for-stm32.13.3.rel1.win32_1.0.0.202411081344/tools/bin/../lib/gcc/arm-none-eabi/13.3.1/thumb/v7e-m+fp/hard/crtbegin.o
                0x0800515c                        PROVIDE (__init_array_end = .)
                0x0800515c                        . = ALIGN (0x4)

.fini_array     0x0800515c        0x4
                0x0800515c                        . = ALIGN (0x4)
                [!provide]                        PROVIDE (__fini_array_start = .)
 *(SORT_BY_NAME(.fini_array.*))
 *(.fini_array*)
 .fini_array    0x0800515c        0x4 C:/ST/STM32CubeIDE_1.19.0/STM32CubeIDE/plugins/com.st.stm32cube.ide.mcu.externaltools.gnu-tools-for-stm32.13.3.rel1.win32_1.0.0.202411081344/tools/bin/../lib/gcc/arm-none-eabi/13.3.1/thumb/v7e-m+fp/hard/crtbegin.o
                [!provide]                        PROVIDE (__fini_array_end = .)
                0x08005160                        . = ALIGN (0x4)
                0x08005160                        _sidata = LOADADDR (.data)

.rel.dyn        0x08005160        0x0
 .rel.iplt      0x08005160        0x0 C:/ST/STM32CubeIDE_1.19.0/STM32CubeIDE/plugins/com.st.stm32cube.ide.mcu.externaltools.gnu-tools-for-stm32.13.3.rel1.win32_1.0.0.202411081344/tools/bin/../lib/gcc/arm-none-eabi/13.3.1/thumb/v7e-m+fp/hard/crtbegin.o

.data           0x20000000       0x5c load address 0x08005160
                0x20000000                        . = ALIGN (0x4)
                0x20000000                        _sdata = .
 *(.data)
 *(.data*)
 .data.SystemCoreClock
                0x20000000        0x4 ./Core/Src/system_stm32f4xx.o
                0x20000000                SystemCoreClock
 .data.uwTickPrio
                0x20000004        0x4 ./Drivers/STM32F4xx_HAL_Driver/Src/stm32f4xx_hal.o
                0x20000004                uwTickPrio
 .data.uwTickFreq
                0x20000008        0x1 ./Drivers/STM32F4xx_HAL_Driver/Src/stm32f4xx_hal.o
                0x20000008                uwTickFreq
 *fill*         0x20000009        0x3 
 .data._impure_ptr
                0x2000000c        0x4 C:/ST/STM32CubeIDE_1.19.0/STM32CubeIDE/plugins/com.st.stm32cube.ide.mcu.externaltools.gnu-tools-for-stm32.13.3.rel1.win32_1.0.0.202411081344/tools/bin/../lib/gcc/arm-none-eabi/13.3.1/../../../../arm-none-eabi/lib/thumb/v7e-m+fp/hard\libc_nano.a(libc_a-impure.o)
                0x2000000c                _impure_ptr
 .data._impure_data
                0x20000010       0x4c C:/ST/STM32CubeIDE_1.19.0/STM32CubeIDE/plugins/com.st.stm32cube.ide.mcu.externaltools.gnu-tools-for-stm32.13.3.rel1.win32_1.0.0.202411081344/tools/bin/../lib/gcc/arm-none-eabi/13.3.1/../../../../arm-none-eabi/lib/thumb/v7e-m+fp/hard\libc_nano.a(libc_a-impure.o)
                0x20000010                _impure_data
 *(.RamFunc)
 *(.RamFunc*)
                0x2000005c                        . = ALIGN (0x4)
                0x2000005c                        _edata = .
                0x080051bc                        _siccmram = LOADADDR (.ccmram)

.igot.plt       0x2000005c        0x0 load address 0x080051bc
 .igot.plt      0x2000005c        0x0 C:/ST/STM32CubeIDE_1.19.0/STM32CubeIDE/plugins/com.st.stm32cube.ide.mcu.externaltools.gnu-tools-for-stm32.13.3.rel1.win32_1.0.0.202411081344/tools/bin/../lib/gcc/arm-none-eabi/13.3.1/thumb/v7e-m+fp/hard/crtbegin.o

.ccmram         0x10000000        0x0 load address 0x080051bc
                0x10000000                        . = ALIGN (0x4)
                0x10000000                        _sccmram = .
 *(.ccmram)
 *(.ccmram*)
                0x10000000                        . = ALIGN (0x4)
                0x10000000                        _eccmram = .
                0x10000000                        . = ALIGN (0x4)

.bss            0x2000005c      0x9c4
                0x2000005c                        _sbss = .
                0x2000005c                        __bss_start__ = _sbss
 *(.bss)
 .bss           0x2000005c       0x1c C:/ST/STM32CubeIDE_1.19.0/STM32CubeIDE/plugins/com.st.stm32cube.ide.mcu.externaltools.gnu-tools-for-stm32.13.3.rel1.win32_1.0.0.202411081344/tools/bin/../lib/gcc/arm-none-eabi/13.3.1/thumb/v7e-m+fp/hard/crtbegin.o
 *(.bss*)
 .bss.loop_event
                0x20000078       0x80 ./Core/Src/bsp.o
                0x20000078                loop_event
 .bss.loop_event_num
                0x200000f8        0x1 ./Core/Src/bsp.o
                0x200000f8                loop_event_num
 *fill*         0x200000f9        0x3 
 .bss.user_debug_uart
                0x200000fc      0x520 ./Core/Src/bsp.o
                0x200000fc                user_debug_uart
 .bss.user_red_led
                0x2000061c        0x8 ./Core/Src/bsp.o
                0x2000061c                user_red_led
 .bss.user_green_led
                0x20000624        0x8 ./Core/Src/bsp.o
                0x20000624                user_green_led
 .bss.user_can_1
                0x2000062c       0x20 ./Core/Src/bsp.o
                0x2000062c                user_can_1
 .bss.user_can_2
                0x2000064c       0x20 ./Core/Src/bsp.o
                0x2000064c                user_can_2
 .bss.hcan1     0x2000066c       0x28 ./Core/Src/main.o
                0x2000066c                hcan1
 .bss.hcan2     0x20000694       0x28 ./Core/Src/main.o
                0x20000694                hcan2
 .bss.htim14    0x200006bc       0x48 ./Core/Src/main.o
                0x200006bc                htim14
 .bss.huart1    0x20000704       0x48 ./Core/Src/main.o
                0x20000704                huart1
 .bss.huart6    0x2000074c       0x48 ./Core/Src/main.o
                0x2000074c                huart6
 .bss.hdma_usart1_rx
                0x20000794       0x60 ./Core/Src/main.o
                0x20000794                hdma_usart1_rx
 .bss.hdma_usart6_rx
                0x200007f4       0x60 ./Core/Src/main.o
                0x200007f4                hdma_usart6_rx
 .bss.hdma_usart6_tx
                0x20000854       0x60 ./Core/Src/main.o
                0x20000854                hdma_usart6_tx
 .bss.HAL_RCC_CAN1_CLK_ENABLED
                0x200008b4        0x4 ./Core/Src/stm32f4xx_hal_msp.o
 .bss.uwTick    0x200008b8        0x4 ./Drivers/STM32F4xx_HAL_Driver/Src/stm32f4xx_hal.o
                0x200008b8                uwTick
 .bss.can_drives
                0x200008bc        0x8 ./User_Drives/Src/user_can.o
 .bss.can_num   0x200008c4        0x1 ./User_Drives/Src/user_can.o
 *fill*         0x200008c5        0x3 
 .bss.uart_drives
                0x200008c8       0x14 ./User_Drives/Src/user_uart.o
 .bss.uart_num  0x200008dc        0x1 ./User_Drives/Src/user_uart.o
 .bss.is_init_loop_event_sign
                0x200008dd        0x1 ./User_Drives/Src/user_uart.o
 *fill*         0x200008de        0x2 
 .bss.__malloc_free_list
                0x200008e0        0x4 C:/ST/STM32CubeIDE_1.19.0/STM32CubeIDE/plugins/com.st.stm32cube.ide.mcu.externaltools.gnu-tools-for-stm32.13.3.rel1.win32_1.0.0.202411081344/tools/bin/../lib/gcc/arm-none-eabi/13.3.1/../../../../arm-none-eabi/lib/thumb/v7e-m+fp/hard\libc_nano.a(libc_a-mallocr.o)
                0x200008e0                __malloc_free_list
 .bss.__sf      0x200008e4      0x138 C:/ST/STM32CubeIDE_1.19.0/STM32CubeIDE/plugins/com.st.stm32cube.ide.mcu.externaltools.gnu-tools-for-stm32.13.3.rel1.win32_1.0.0.202411081344/tools/bin/../lib/gcc/arm-none-eabi/13.3.1/../../../../arm-none-eabi/lib/thumb/v7e-m+fp/hard\libc_nano.a(libc_a-findfp.o)
                0x200008e4                __sf
 .bss.__lock___malloc_recursive_mutex
                0x20000a1c        0x1 C:/ST/STM32CubeIDE_1.19.0/STM32CubeIDE/plugins/com.st.stm32cube.ide.mcu.externaltools.gnu-tools-for-stm32.13.3.rel1.win32_1.0.0.202411081344/tools/bin/../lib/gcc/arm-none-eabi/13.3.1/../../../../arm-none-eabi/lib/thumb/v7e-m+fp/hard\libc_nano.a(libc_a-lock.o)
                0x20000a1c                __lock___malloc_recursive_mutex
 *(COMMON)
                0x20000a20                        . = ALIGN (0x4)
 *fill*         0x20000a1d        0x3 
                0x20000a20                        _ebss = .
                0x20000a20                        __bss_end__ = _ebss

._user_heap_stack
                0x20000a20      0x600
                0x20000a20                        . = ALIGN (0x8)
                [!provide]                        PROVIDE (end = .)
                0x20000a20                        PROVIDE (_end = .)
                0x20000c20                        . = (. + _Min_Heap_Size)
 *fill*         0x20000a20      0x200 
                0x20001020                        . = (. + _Min_Stack_Size)
 *fill*         0x20000c20      0x400 
                0x20001020                        . = ALIGN (0x8)

/DISCARD/
 libc.a(*)
 libm.a(*)
 libgcc.a(*)

.ARM.attributes
                0x00000000       0x30
 *(.ARM.attributes)
 .ARM.attributes
                0x00000000       0x22 C:/ST/STM32CubeIDE_1.19.0/STM32CubeIDE/plugins/com.st.stm32cube.ide.mcu.externaltools.gnu-tools-for-stm32.13.3.rel1.win32_1.0.0.202411081344/tools/bin/../lib/gcc/arm-none-eabi/13.3.1/thumb/v7e-m+fp/hard/crti.o
 .ARM.attributes
                0x00000022       0x34 C:/ST/STM32CubeIDE_1.19.0/STM32CubeIDE/plugins/com.st.stm32cube.ide.mcu.externaltools.gnu-tools-for-stm32.13.3.rel1.win32_1.0.0.202411081344/tools/bin/../lib/gcc/arm-none-eabi/13.3.1/thumb/v7e-m+fp/hard/crtbegin.o
 .ARM.attributes
                0x00000056       0x34 ./Core/Src/bsp.o
 .ARM.attributes
                0x0000008a       0x34 ./Core/Src/main.o
 .ARM.attributes
                0x000000be       0x34 ./Core/Src/stm32f4xx_hal_msp.o
 .ARM.attributes
                0x000000f2       0x34 ./Core/Src/stm32f4xx_it.o
 .ARM.attributes
                0x00000126       0x34 ./Core/Src/system_stm32f4xx.o
 .ARM.attributes
                0x0000015a       0x21 ./Core/Startup/startup_stm32f427iihx.o
 .ARM.attributes
                0x0000017b       0x34 ./Drivers/STM32F4xx_HAL_Driver/Src/stm32f4xx_hal.o
 .ARM.attributes
                0x000001af       0x34 ./Drivers/STM32F4xx_HAL_Driver/Src/stm32f4xx_hal_can.o
 .ARM.attributes
                0x000001e3       0x34 ./Drivers/STM32F4xx_HAL_Driver/Src/stm32f4xx_hal_cortex.o
 .ARM.attributes
                0x00000217       0x34 ./Drivers/STM32F4xx_HAL_Driver/Src/stm32f4xx_hal_dma.o
 .ARM.attributes
                0x0000024b       0x34 ./Drivers/STM32F4xx_HAL_Driver/Src/stm32f4xx_hal_gpio.o
 .ARM.attributes
                0x0000027f       0x34 ./Drivers/STM32F4xx_HAL_Driver/Src/stm32f4xx_hal_pwr_ex.o
 .ARM.attributes
                0x000002b3       0x34 ./Drivers/STM32F4xx_HAL_Driver/Src/stm32f4xx_hal_rcc.o
 .ARM.attributes
                0x000002e7       0x34 ./Drivers/STM32F4xx_HAL_Driver/Src/stm32f4xx_hal_tim.o
 .ARM.attributes
                0x0000031b       0x34 ./Drivers/STM32F4xx_HAL_Driver/Src/stm32f4xx_hal_uart.o
 .ARM.attributes
                0x0000034f       0x34 ./User_Architect/Src/user_queue.o
 .ARM.attributes
                0x00000383       0x34 ./User_Architect/Src/user_ring_buffe.o
 .ARM.attributes
                0x000003b7       0x34 ./User_Drives/Src/user_can.o
 .ARM.attributes
                0x000003eb       0x34 ./User_Drives/Src/user_led.o
 .ARM.attributes
                0x0000041f       0x34 ./User_Drives/Src/user_uart.o
 .ARM.attributes
                0x00000453       0x34 C:/ST/STM32CubeIDE_1.19.0/STM32CubeIDE/plugins/com.st.stm32cube.ide.mcu.externaltools.gnu-tools-for-stm32.13.3.rel1.win32_1.0.0.202411081344/tools/bin/../lib/gcc/arm-none-eabi/13.3.1/../../../../arm-none-eabi/lib/thumb/v7e-m+fp/hard\libc_nano.a(libc_a-malloc.o)
 .ARM.attributes
                0x00000487       0x34 C:/ST/STM32CubeIDE_1.19.0/STM32CubeIDE/plugins/com.st.stm32cube.ide.mcu.externaltools.gnu-tools-for-stm32.13.3.rel1.win32_1.0.0.202411081344/tools/bin/../lib/gcc/arm-none-eabi/13.3.1/../../../../arm-none-eabi/lib/thumb/v7e-m+fp/hard\libc_nano.a(libc_a-mallocr.o)
 .ARM.attributes
                0x000004bb       0x34 C:/ST/STM32CubeIDE_1.19.0/STM32CubeIDE/plugins/com.st.stm32cube.ide.mcu.externaltools.gnu-tools-for-stm32.13.3.rel1.win32_1.0.0.202411081344/tools/bin/../lib/gcc/arm-none-eabi/13.3.1/../../../../arm-none-eabi/lib/thumb/v7e-m+fp/hard\libc_nano.a(libc_a-mlock.o)
 .ARM.attributes
                0x000004ef       0x34 C:/ST/STM32CubeIDE_1.19.0/STM32CubeIDE/plugins/com.st.stm32cube.ide.mcu.externaltools.gnu-tools-for-stm32.13.3.rel1.win32_1.0.0.202411081344/tools/bin/../lib/gcc/arm-none-eabi/13.3.1/../../../../arm-none-eabi/lib/thumb/v7e-m+fp/hard\libc_nano.a(libc_a-findfp.o)
 .ARM.attributes
                0x00000523       0x34 C:/ST/STM32CubeIDE_1.19.0/STM32CubeIDE/plugins/com.st.stm32cube.ide.mcu.externaltools.gnu-tools-for-stm32.13.3.rel1.win32_1.0.0.202411081344/tools/bin/../lib/gcc/arm-none-eabi/13.3.1/../../../../arm-none-eabi/lib/thumb/v7e-m+fp/hard\libc_nano.a(libc_a-memset.o)
 .ARM.attributes
                0x00000557       0x34 C:/ST/STM32CubeIDE_1.19.0/STM32CubeIDE/plugins/com.st.stm32cube.ide.mcu.externaltools.gnu-tools-for-stm32.13.3.rel1.win32_1.0.0.202411081344/tools/bin/../lib/gcc/arm-none-eabi/13.3.1/../../../../arm-none-eabi/lib/thumb/v7e-m+fp/hard\libc_nano.a(libc_a-impure.o)
 .ARM.attributes
                0x0000058b       0x34 C:/ST/STM32CubeIDE_1.19.0/STM32CubeIDE/plugins/com.st.stm32cube.ide.mcu.externaltools.gnu-tools-for-stm32.13.3.rel1.win32_1.0.0.202411081344/tools/bin/../lib/gcc/arm-none-eabi/13.3.1/../../../../arm-none-eabi/lib/thumb/v7e-m+fp/hard\libc_nano.a(libc_a-init.o)
 .ARM.attributes
                0x000005bf       0x34 C:/ST/STM32CubeIDE_1.19.0/STM32CubeIDE/plugins/com.st.stm32cube.ide.mcu.externaltools.gnu-tools-for-stm32.13.3.rel1.win32_1.0.0.202411081344/tools/bin/../lib/gcc/arm-none-eabi/13.3.1/../../../../arm-none-eabi/lib/thumb/v7e-m+fp/hard\libc_nano.a(libc_a-lock.o)
 .ARM.attributes
                0x000005f3       0x34 C:/ST/STM32CubeIDE_1.19.0/STM32CubeIDE/plugins/com.st.stm32cube.ide.mcu.externaltools.gnu-tools-for-stm32.13.3.rel1.win32_1.0.0.202411081344/tools/bin/../lib/gcc/arm-none-eabi/13.3.1/../../../../arm-none-eabi/lib/thumb/v7e-m+fp/hard\libc_nano.a(libc_a-memcpy-stub.o)
 .ARM.attributes
                0x00000627       0x34 C:/ST/STM32CubeIDE_1.19.0/STM32CubeIDE/plugins/com.st.stm32cube.ide.mcu.externaltools.gnu-tools-for-stm32.13.3.rel1.win32_1.0.0.202411081344/tools/bin/../lib/gcc/arm-none-eabi/13.3.1/../../../../arm-none-eabi/lib/thumb/v7e-m+fp/hard\libc_nano.a(libc_a-freer.o)
 .ARM.attributes
                0x0000065b       0x22 C:/ST/STM32CubeIDE_1.19.0/STM32CubeIDE/plugins/com.st.stm32cube.ide.mcu.externaltools.gnu-tools-for-stm32.13.3.rel1.win32_1.0.0.202411081344/tools/bin/../lib/gcc/arm-none-eabi/13.3.1/thumb/v7e-m+fp/hard\libgcc.a(_aeabi_uldivmod.o)
 .ARM.attributes
                0x0000067d       0x34 C:/ST/STM32CubeIDE_1.19.0/STM32CubeIDE/plugins/com.st.stm32cube.ide.mcu.externaltools.gnu-tools-for-stm32.13.3.rel1.win32_1.0.0.202411081344/tools/bin/../lib/gcc/arm-none-eabi/13.3.1/thumb/v7e-m+fp/hard\libgcc.a(_udivmoddi4.o)
 .ARM.attributes
                0x000006b1       0x22 C:/ST/STM32CubeIDE_1.19.0/STM32CubeIDE/plugins/com.st.stm32cube.ide.mcu.externaltools.gnu-tools-for-stm32.13.3.rel1.win32_1.0.0.202411081344/tools/bin/../lib/gcc/arm-none-eabi/13.3.1/thumb/v7e-m+fp/hard\libgcc.a(_dvmd_tls.o)
 .ARM.attributes
                0x000006d3       0x22 C:/ST/STM32CubeIDE_1.19.0/STM32CubeIDE/plugins/com.st.stm32cube.ide.mcu.externaltools.gnu-tools-for-stm32.13.3.rel1.win32_1.0.0.202411081344/tools/bin/../lib/gcc/arm-none-eabi/13.3.1/thumb/v7e-m+fp/hard/crtn.o
OUTPUT(DJI-A-Board.elf elf32-littlearm)
LOAD linker stubs
LOAD C:/ST/STM32CubeIDE_1.19.0/STM32CubeIDE/plugins/com.st.stm32cube.ide.mcu.externaltools.gnu-tools-for-stm32.13.3.rel1.win32_1.0.0.202411081344/tools/bin/../lib/gcc/arm-none-eabi/13.3.1/../../../../arm-none-eabi/lib/thumb/v7e-m+fp/hard\libc.a
LOAD C:/ST/STM32CubeIDE_1.19.0/STM32CubeIDE/plugins/com.st.stm32cube.ide.mcu.externaltools.gnu-tools-for-stm32.13.3.rel1.win32_1.0.0.202411081344/tools/bin/../lib/gcc/arm-none-eabi/13.3.1/../../../../arm-none-eabi/lib/thumb/v7e-m+fp/hard\libm.a
LOAD C:/ST/STM32CubeIDE_1.19.0/STM32CubeIDE/plugins/com.st.stm32cube.ide.mcu.externaltools.gnu-tools-for-stm32.13.3.rel1.win32_1.0.0.202411081344/tools/bin/../lib/gcc/arm-none-eabi/13.3.1/thumb/v7e-m+fp/hard\libgcc.a

.debug_info     0x00000000    0x10e12
 .debug_info    0x00000000      0xe78 ./Core/Src/bsp.o
 .debug_info    0x00000e78     0x1b0b ./Core/Src/main.o
 .debug_info    0x00002983     0x14ec ./Core/Src/stm32f4xx_hal_msp.o
 .debug_info    0x00003e6f      0xac2 ./Core/Src/stm32f4xx_it.o
 .debug_info    0x00004931      0x52e ./Core/Src/system_stm32f4xx.o
 .debug_info    0x00004e5f       0x30 ./Core/Startup/startup_stm32f427iihx.o
 .debug_info    0x00004e8f      0x9ae ./Drivers/STM32F4xx_HAL_Driver/Src/stm32f4xx_hal.o
 .debug_info    0x0000583d      0xf42 ./Drivers/STM32F4xx_HAL_Driver/Src/stm32f4xx_hal_can.o
 .debug_info    0x0000677f      0xdb6 ./Drivers/STM32F4xx_HAL_Driver/Src/stm32f4xx_hal_cortex.o
 .debug_info    0x00007535      0x8e7 ./Drivers/STM32F4xx_HAL_Driver/Src/stm32f4xx_hal_dma.o
 .debug_info    0x00007e1c      0x6db ./Drivers/STM32F4xx_HAL_Driver/Src/stm32f4xx_hal_gpio.o
 .debug_info    0x000084f7      0x6be ./Drivers/STM32F4xx_HAL_Driver/Src/stm32f4xx_hal_pwr_ex.o
 .debug_info    0x00008bb5      0x8db ./Drivers/STM32F4xx_HAL_Driver/Src/stm32f4xx_hal_rcc.o
 .debug_info    0x00009490     0x299d ./Drivers/STM32F4xx_HAL_Driver/Src/stm32f4xx_hal_tim.o
 .debug_info    0x0000be2d     0x2f4f ./Drivers/STM32F4xx_HAL_Driver/Src/stm32f4xx_hal_uart.o
 .debug_info    0x0000ed7c      0x34b ./User_Architect/Src/user_queue.o
 .debug_info    0x0000f0c7      0x61c ./User_Architect/Src/user_ring_buffe.o
 .debug_info    0x0000f6e3      0x91a ./User_Drives/Src/user_can.o
 .debug_info    0x0000fffd      0x37e ./User_Drives/Src/user_led.o
 .debug_info    0x0001037b      0xa97 ./User_Drives/Src/user_uart.o

.debug_abbrev   0x00000000     0x299f
 .debug_abbrev  0x00000000      0x225 ./Core/Src/bsp.o
 .debug_abbrev  0x00000225      0x31b ./Core/Src/main.o
 .debug_abbrev  0x00000540      0x2af ./Core/Src/stm32f4xx_hal_msp.o
 .debug_abbrev  0x000007ef      0x1e7 ./Core/Src/stm32f4xx_it.o
 .debug_abbrev  0x000009d6      0x11a ./Core/Src/system_stm32f4xx.o
 .debug_abbrev  0x00000af0       0x24 ./Core/Startup/startup_stm32f427iihx.o
 .debug_abbrev  0x00000b14      0x214 ./Drivers/STM32F4xx_HAL_Driver/Src/stm32f4xx_hal.o
 .debug_abbrev  0x00000d28      0x25a ./Drivers/STM32F4xx_HAL_Driver/Src/stm32f4xx_hal_can.o
 .debug_abbrev  0x00000f82      0x31d ./Drivers/STM32F4xx_HAL_Driver/Src/stm32f4xx_hal_cortex.o
 .debug_abbrev  0x0000129f      0x264 ./Drivers/STM32F4xx_HAL_Driver/Src/stm32f4xx_hal_dma.o
 .debug_abbrev  0x00001503      0x1d4 ./Drivers/STM32F4xx_HAL_Driver/Src/stm32f4xx_hal_gpio.o
 .debug_abbrev  0x000016d7      0x1cf ./Drivers/STM32F4xx_HAL_Driver/Src/stm32f4xx_hal_pwr_ex.o
 .debug_abbrev  0x000018a6      0x2b7 ./Drivers/STM32F4xx_HAL_Driver/Src/stm32f4xx_hal_rcc.o
 .debug_abbrev  0x00001b5d      0x278 ./Drivers/STM32F4xx_HAL_Driver/Src/stm32f4xx_hal_tim.o
 .debug_abbrev  0x00001dd5      0x30e ./Drivers/STM32F4xx_HAL_Driver/Src/stm32f4xx_hal_uart.o
 .debug_abbrev  0x000020e3      0x174 ./User_Architect/Src/user_queue.o
 .debug_abbrev  0x00002257      0x1a2 ./User_Architect/Src/user_ring_buffe.o
 .debug_abbrev  0x000023f9      0x1c4 ./User_Drives/Src/user_can.o
 .debug_abbrev  0x000025bd      0x1b7 ./User_Drives/Src/user_led.o
 .debug_abbrev  0x00002774      0x22b ./User_Drives/Src/user_uart.o

.debug_aranges  0x00000000      0xe50
 .debug_aranges
                0x00000000       0x38 ./Core/Src/bsp.o
 .debug_aranges
                0x00000038       0x68 ./Core/Src/main.o
 .debug_aranges
                0x000000a0       0x50 ./Core/Src/stm32f4xx_hal_msp.o
 .debug_aranges
                0x000000f0       0x98 ./Core/Src/stm32f4xx_it.o
 .debug_aranges
                0x00000188       0x28 ./Core/Src/system_stm32f4xx.o
 .debug_aranges
                0x000001b0       0x28 ./Core/Startup/startup_stm32f427iihx.o
 .debug_aranges
                0x000001d8      0x100 ./Drivers/STM32F4xx_HAL_Driver/Src/stm32f4xx_hal.o
 .debug_aranges
                0x000002d8      0x138 ./Drivers/STM32F4xx_HAL_Driver/Src/stm32f4xx_hal_can.o
 .debug_aranges
                0x00000410      0x130 ./Drivers/STM32F4xx_HAL_Driver/Src/stm32f4xx_hal_cortex.o
 .debug_aranges
                0x00000540       0x90 ./Drivers/STM32F4xx_HAL_Driver/Src/stm32f4xx_hal_dma.o
 .debug_aranges
                0x000005d0       0x58 ./Drivers/STM32F4xx_HAL_Driver/Src/stm32f4xx_hal_gpio.o
 .debug_aranges
                0x00000628       0x60 ./Drivers/STM32F4xx_HAL_Driver/Src/stm32f4xx_hal_pwr_ex.o
 .debug_aranges
                0x00000688       0x88 ./Drivers/STM32F4xx_HAL_Driver/Src/stm32f4xx_hal_rcc.o
 .debug_aranges
                0x00000710      0x3d0 ./Drivers/STM32F4xx_HAL_Driver/Src/stm32f4xx_hal_tim.o
 .debug_aranges
                0x00000ae0      0x208 ./Drivers/STM32F4xx_HAL_Driver/Src/stm32f4xx_hal_uart.o
 .debug_aranges
                0x00000ce8       0x50 ./User_Architect/Src/user_queue.o
 .debug_aranges
                0x00000d38       0x60 ./User_Architect/Src/user_ring_buffe.o
 .debug_aranges
                0x00000d98       0x30 ./User_Drives/Src/user_can.o
 .debug_aranges
                0x00000dc8       0x48 ./User_Drives/Src/user_led.o
 .debug_aranges
                0x00000e10       0x40 ./User_Drives/Src/user_uart.o

.debug_rnglists
                0x00000000      0xb08
 .debug_rnglists
                0x00000000       0x25 ./Core/Src/bsp.o
 .debug_rnglists
                0x00000025       0x4c ./Core/Src/main.o
 .debug_rnglists
                0x00000071       0x3b ./Core/Src/stm32f4xx_hal_msp.o
 .debug_rnglists
                0x000000ac       0x6d ./Core/Src/stm32f4xx_it.o
 .debug_rnglists
                0x00000119       0x1a ./Core/Src/system_stm32f4xx.o
 .debug_rnglists
                0x00000133       0x19 ./Core/Startup/startup_stm32f427iihx.o
 .debug_rnglists
                0x0000014c       0xbb ./Drivers/STM32F4xx_HAL_Driver/Src/stm32f4xx_hal.o
 .debug_rnglists
                0x00000207       0xee ./Drivers/STM32F4xx_HAL_Driver/Src/stm32f4xx_hal_can.o
 .debug_rnglists
                0x000002f5       0xe0 ./Drivers/STM32F4xx_HAL_Driver/Src/stm32f4xx_hal_cortex.o
 .debug_rnglists
                0x000003d5       0x70 ./Drivers/STM32F4xx_HAL_Driver/Src/stm32f4xx_hal_dma.o
 .debug_rnglists
                0x00000445       0x3f ./Drivers/STM32F4xx_HAL_Driver/Src/stm32f4xx_hal_gpio.o
 .debug_rnglists
                0x00000484       0x47 ./Drivers/STM32F4xx_HAL_Driver/Src/stm32f4xx_hal_pwr_ex.o
 .debug_rnglists
                0x000004cb       0x66 ./Drivers/STM32F4xx_HAL_Driver/Src/stm32f4xx_hal_rcc.o
 .debug_rnglists
                0x00000531      0x31a ./Drivers/STM32F4xx_HAL_Driver/Src/stm32f4xx_hal_tim.o
 .debug_rnglists
                0x0000084b      0x1bc ./Drivers/STM32F4xx_HAL_Driver/Src/stm32f4xx_hal_uart.o
 .debug_rnglists
                0x00000a07       0x39 ./User_Architect/Src/user_queue.o
 .debug_rnglists
                0x00000a40       0x48 ./User_Architect/Src/user_ring_buffe.o
 .debug_rnglists
                0x00000a88       0x21 ./User_Drives/Src/user_can.o
 .debug_rnglists
                0x00000aa9       0x31 ./User_Drives/Src/user_led.o
 .debug_rnglists
                0x00000ada       0x2e ./User_Drives/Src/user_uart.o

.debug_macro    0x00000000    0x246e8
 .debug_macro   0x00000000      0x348 ./Core/Src/bsp.o
 .debug_macro   0x00000348      0xad8 ./Core/Src/bsp.o
 .debug_macro   0x00000e20      0x2a1 ./Core/Src/bsp.o
 .debug_macro   0x000010c1       0x2e ./Core/Src/bsp.o
 .debug_macro   0x000010ef       0x28 ./Core/Src/bsp.o
 .debug_macro   0x00001117       0x22 ./Core/Src/bsp.o
 .debug_macro   0x00001139       0x8e ./Core/Src/bsp.o
 .debug_macro   0x000011c7       0x51 ./Core/Src/bsp.o
 .debug_macro   0x00001218      0x103 ./Core/Src/bsp.o
 .debug_macro   0x0000131b       0x6a ./Core/Src/bsp.o
 .debug_macro   0x00001385      0x1df ./Core/Src/bsp.o
 .debug_macro   0x00001564       0x1c ./Core/Src/bsp.o
 .debug_macro   0x00001580       0x22 ./Core/Src/bsp.o
 .debug_macro   0x000015a2       0xfb ./Core/Src/bsp.o
 .debug_macro   0x0000169d     0x1011 ./Core/Src/bsp.o
 .debug_macro   0x000026ae      0x11f ./Core/Src/bsp.o
 .debug_macro   0x000027cd    0x178cc ./Core/Src/bsp.o
 .debug_macro   0x0001a099       0x6d ./Core/Src/bsp.o
 .debug_macro   0x0001a106     0x370a ./Core/Src/bsp.o
 .debug_macro   0x0001d810      0x190 ./Core/Src/bsp.o
 .debug_macro   0x0001d9a0       0x5c ./Core/Src/bsp.o
 .debug_macro   0x0001d9fc      0xc82 ./Core/Src/bsp.o
 .debug_macro   0x0001e67e      0x9e9 ./Core/Src/bsp.o
 .debug_macro   0x0001f067      0x115 ./Core/Src/bsp.o
 .debug_macro   0x0001f17c      0x16f ./Core/Src/bsp.o
 .debug_macro   0x0001f2eb       0xa5 ./Core/Src/bsp.o
 .debug_macro   0x0001f390      0x182 ./Core/Src/bsp.o
 .debug_macro   0x0001f512      0x287 ./Core/Src/bsp.o
 .debug_macro   0x0001f799       0x5f ./Core/Src/bsp.o
 .debug_macro   0x0001f7f8      0x236 ./Core/Src/bsp.o
 .debug_macro   0x0001fa2e      0x40f ./Core/Src/bsp.o
 .debug_macro   0x0001fe3d      0x132 ./Core/Src/bsp.o
 .debug_macro   0x0001ff6f      0x41d ./Core/Src/bsp.o
 .debug_macro   0x0002038c       0x2e ./Core/Src/bsp.o
 .debug_macro   0x000203ba      0x127 ./Core/Src/bsp.o
 .debug_macro   0x000204e1       0xe2 ./Core/Src/bsp.o
 .debug_macro   0x000205c3       0x89 ./Core/Src/bsp.o
 .debug_macro   0x0002064c      0x8ed ./Core/Src/bsp.o
 .debug_macro   0x00020f39       0x4d ./Core/Src/bsp.o
 .debug_macro   0x00020f86      0x2aa ./Core/Src/bsp.o
 .debug_macro   0x00021230      0x134 ./Core/Src/bsp.o
 .debug_macro   0x00021364       0x1c ./Core/Src/bsp.o
 .debug_macro   0x00021380       0x1c ./Core/Src/bsp.o
 .debug_macro   0x0002139c       0x61 ./Core/Src/bsp.o
 .debug_macro   0x000213fd       0x2a ./Core/Src/bsp.o
 .debug_macro   0x00021427       0x43 ./Core/Src/bsp.o
 .debug_macro   0x0002146a       0x34 ./Core/Src/bsp.o
 .debug_macro   0x0002149e      0x370 ./Core/Src/bsp.o
 .debug_macro   0x0002180e       0x16 ./Core/Src/bsp.o
 .debug_macro   0x00021824       0x4a ./Core/Src/bsp.o
 .debug_macro   0x0002186e       0x34 ./Core/Src/bsp.o
 .debug_macro   0x000218a2       0x10 ./Core/Src/bsp.o
 .debug_macro   0x000218b2       0x58 ./Core/Src/bsp.o
 .debug_macro   0x0002190a       0x8e ./Core/Src/bsp.o
 .debug_macro   0x00021998       0x1c ./Core/Src/bsp.o
 .debug_macro   0x000219b4      0x185 ./Core/Src/bsp.o
 .debug_macro   0x00021b39       0x10 ./Core/Src/bsp.o
 .debug_macro   0x00021b49       0x3c ./Core/Src/bsp.o
 .debug_macro   0x00021b85       0x20 ./Core/Src/bsp.o
 .debug_macro   0x00021ba5       0x1c ./Core/Src/bsp.o
 .debug_macro   0x00021bc1       0x10 ./Core/Src/bsp.o
 .debug_macro   0x00021bd1       0x1c ./Core/Src/bsp.o
 .debug_macro   0x00021bed       0x16 ./Core/Src/bsp.o
 .debug_macro   0x00021c03      0x146 ./Core/Src/bsp.o
 .debug_macro   0x00021d49      0x344 ./Core/Src/main.o
 .debug_macro   0x0002208d      0x1e7 ./Core/Src/stm32f4xx_hal_msp.o
 .debug_macro   0x00022274      0x31a ./Core/Src/stm32f4xx_it.o
 .debug_macro   0x0002258e      0x1d8 ./Core/Src/system_stm32f4xx.o
 .debug_macro   0x00022766      0x238 ./Drivers/STM32F4xx_HAL_Driver/Src/stm32f4xx_hal.o
 .debug_macro   0x0002299e      0x1e7 ./Drivers/STM32F4xx_HAL_Driver/Src/stm32f4xx_hal_can.o
 .debug_macro   0x00022b85      0x1d8 ./Drivers/STM32F4xx_HAL_Driver/Src/stm32f4xx_hal_cortex.o
 .debug_macro   0x00022d5d      0x1de ./Drivers/STM32F4xx_HAL_Driver/Src/stm32f4xx_hal_dma.o
 .debug_macro   0x00022f3b      0x1de ./Drivers/STM32F4xx_HAL_Driver/Src/stm32f4xx_hal_gpio.o
 .debug_macro   0x00023119      0x1f0 ./Drivers/STM32F4xx_HAL_Driver/Src/stm32f4xx_hal_pwr_ex.o
 .debug_macro   0x00023309      0x1fc ./Drivers/STM32F4xx_HAL_Driver/Src/stm32f4xx_hal_rcc.o
 .debug_macro   0x00023505      0x1d9 ./Drivers/STM32F4xx_HAL_Driver/Src/stm32f4xx_hal_tim.o
 .debug_macro   0x000236de      0x1d9 ./Drivers/STM32F4xx_HAL_Driver/Src/stm32f4xx_hal_uart.o
 .debug_macro   0x000238b7      0x16e ./User_Architect/Src/user_queue.o
 .debug_macro   0x00023a25      0x11c ./User_Architect/Src/user_queue.o
 .debug_macro   0x00023b41       0x9b ./User_Architect/Src/user_queue.o
 .debug_macro   0x00023bdc       0x16 ./User_Architect/Src/user_queue.o
 .debug_macro   0x00023bf2      0x146 ./User_Architect/Src/user_ring_buffe.o
 .debug_macro   0x00023d38      0x318 ./User_Drives/Src/user_can.o
 .debug_macro   0x00024050      0x318 ./User_Drives/Src/user_led.o
 .debug_macro   0x00024368      0x380 ./User_Drives/Src/user_uart.o

.debug_line     0x00000000    0x121bb
 .debug_line    0x00000000      0xa34 ./Core/Src/bsp.o
 .debug_line    0x00000a34      0xc09 ./Core/Src/main.o
 .debug_line    0x0000163d      0x951 ./Core/Src/stm32f4xx_hal_msp.o
 .debug_line    0x00001f8e      0xb0c ./Core/Src/stm32f4xx_it.o
 .debug_line    0x00002a9a      0x7d3 ./Core/Src/system_stm32f4xx.o
 .debug_line    0x0000326d       0x7a ./Core/Startup/startup_stm32f427iihx.o
 .debug_line    0x000032e7      0xa85 ./Drivers/STM32F4xx_HAL_Driver/Src/stm32f4xx_hal.o
 .debug_line    0x00003d6c     0x120e ./Drivers/STM32F4xx_HAL_Driver/Src/stm32f4xx_hal_can.o
 .debug_line    0x00004f7a      0xd1f ./Drivers/STM32F4xx_HAL_Driver/Src/stm32f4xx_hal_cortex.o
 .debug_line    0x00005c99      0xfbb ./Drivers/STM32F4xx_HAL_Driver/Src/stm32f4xx_hal_dma.o
 .debug_line    0x00006c54      0xbcf ./Drivers/STM32F4xx_HAL_Driver/Src/stm32f4xx_hal_gpio.o
 .debug_line    0x00007823      0x9bc ./Drivers/STM32F4xx_HAL_Driver/Src/stm32f4xx_hal_pwr_ex.o
 .debug_line    0x000081df      0xe5c ./Drivers/STM32F4xx_HAL_Driver/Src/stm32f4xx_hal_rcc.o
 .debug_line    0x0000903b     0x37c4 ./Drivers/STM32F4xx_HAL_Driver/Src/stm32f4xx_hal_tim.o
 .debug_line    0x0000c7ff     0x2597 ./Drivers/STM32F4xx_HAL_Driver/Src/stm32f4xx_hal_uart.o
 .debug_line    0x0000ed96      0x70f ./User_Architect/Src/user_queue.o
 .debug_line    0x0000f4a5      0xa07 ./User_Architect/Src/user_ring_buffe.o
 .debug_line    0x0000feac      0xb7c ./User_Drives/Src/user_can.o
 .debug_line    0x00010a28      0xb80 ./User_Drives/Src/user_led.o
 .debug_line    0x000115a8      0xc13 ./User_Drives/Src/user_uart.o

.debug_str      0x00000000    0xda849
 .debug_str     0x00000000    0xda849 ./Core/Src/bsp.o
                              0xd6ca1 (size before relaxing)
 .debug_str     0x000da849    0xd78cf ./Core/Src/main.o
 .debug_str     0x000da849    0xd3c23 ./Core/Src/stm32f4xx_hal_msp.o
 .debug_str     0x000da849    0xd65e0 ./Core/Src/stm32f4xx_it.o
 .debug_str     0x000da849    0xd2bd8 ./Core/Src/system_stm32f4xx.o
 .debug_str     0x000da849       0x80 ./Core/Startup/startup_stm32f427iihx.o
 .debug_str     0x000da849    0xd37e4 ./Drivers/STM32F4xx_HAL_Driver/Src/stm32f4xx_hal.o
 .debug_str     0x000da849    0xd32bf ./Drivers/STM32F4xx_HAL_Driver/Src/stm32f4xx_hal_can.o
 .debug_str     0x000da849    0xd3512 ./Drivers/STM32F4xx_HAL_Driver/Src/stm32f4xx_hal_cortex.o
 .debug_str     0x000da849    0xd2fdf ./Drivers/STM32F4xx_HAL_Driver/Src/stm32f4xx_hal_dma.o
 .debug_str     0x000da849    0xd2d53 ./Drivers/STM32F4xx_HAL_Driver/Src/stm32f4xx_hal_gpio.o
 .debug_str     0x000da849    0xd2db0 ./Drivers/STM32F4xx_HAL_Driver/Src/stm32f4xx_hal_pwr_ex.o
 .debug_str     0x000da849    0xd300c ./Drivers/STM32F4xx_HAL_Driver/Src/stm32f4xx_hal_rcc.o
 .debug_str     0x000da849    0xd3f4f ./Drivers/STM32F4xx_HAL_Driver/Src/stm32f4xx_hal_tim.o
 .debug_str     0x000da849    0xd35da ./Drivers/STM32F4xx_HAL_Driver/Src/stm32f4xx_hal_uart.o
 .debug_str     0x000da849     0x74e9 ./User_Architect/Src/user_queue.o
 .debug_str     0x000da849     0x750d ./User_Architect/Src/user_ring_buffe.o
 .debug_str     0x000da849    0xd626a ./User_Drives/Src/user_can.o
 .debug_str     0x000da849    0xd5e92 ./User_Drives/Src/user_led.o
 .debug_str     0x000da849    0xd6b48 ./User_Drives/Src/user_uart.o

.comment        0x00000000       0x43
 .comment       0x00000000       0x43 ./Core/Src/bsp.o
                                 0x44 (size before relaxing)
 .comment       0x00000043       0x44 ./Core/Src/main.o
 .comment       0x00000043       0x44 ./Core/Src/stm32f4xx_hal_msp.o
 .comment       0x00000043       0x44 ./Core/Src/stm32f4xx_it.o
 .comment       0x00000043       0x44 ./Core/Src/system_stm32f4xx.o
 .comment       0x00000043       0x44 ./Drivers/STM32F4xx_HAL_Driver/Src/stm32f4xx_hal.o
 .comment       0x00000043       0x44 ./Drivers/STM32F4xx_HAL_Driver/Src/stm32f4xx_hal_can.o
 .comment       0x00000043       0x44 ./Drivers/STM32F4xx_HAL_Driver/Src/stm32f4xx_hal_cortex.o
 .comment       0x00000043       0x44 ./Drivers/STM32F4xx_HAL_Driver/Src/stm32f4xx_hal_dma.o
 .comment       0x00000043       0x44 ./Drivers/STM32F4xx_HAL_Driver/Src/stm32f4xx_hal_gpio.o
 .comment       0x00000043       0x44 ./Drivers/STM32F4xx_HAL_Driver/Src/stm32f4xx_hal_pwr_ex.o
 .comment       0x00000043       0x44 ./Drivers/STM32F4xx_HAL_Driver/Src/stm32f4xx_hal_rcc.o
 .comment       0x00000043       0x44 ./Drivers/STM32F4xx_HAL_Driver/Src/stm32f4xx_hal_tim.o
 .comment       0x00000043       0x44 ./Drivers/STM32F4xx_HAL_Driver/Src/stm32f4xx_hal_uart.o
 .comment       0x00000043       0x44 ./User_Architect/Src/user_queue.o
 .comment       0x00000043       0x44 ./User_Architect/Src/user_ring_buffe.o
 .comment       0x00000043       0x44 ./User_Drives/Src/user_can.o
 .comment       0x00000043       0x44 ./User_Drives/Src/user_led.o
 .comment       0x00000043       0x44 ./User_Drives/Src/user_uart.o

.debug_frame    0x00000000     0x3dc8
 .debug_frame   0x00000000       0xac ./Core/Src/bsp.o
 .debug_frame   0x000000ac      0x13c ./Core/Src/main.o
 .debug_frame   0x000001e8      0x11c ./Core/Src/stm32f4xx_hal_msp.o
 .debug_frame   0x00000304      0x1c8 ./Core/Src/stm32f4xx_it.o
 .debug_frame   0x000004cc       0x58 ./Core/Src/system_stm32f4xx.o
 .debug_frame   0x00000524      0x3b4 ./Drivers/STM32F4xx_HAL_Driver/Src/stm32f4xx_hal.o
 .debug_frame   0x000008d8      0x5a0 ./Drivers/STM32F4xx_HAL_Driver/Src/stm32f4xx_hal_can.o
 .debug_frame   0x00000e78      0x508 ./Drivers/STM32F4xx_HAL_Driver/Src/stm32f4xx_hal_cortex.o
 .debug_frame   0x00001380      0x250 ./Drivers/STM32F4xx_HAL_Driver/Src/stm32f4xx_hal_dma.o
 .debug_frame   0x000015d0      0x14c ./Drivers/STM32F4xx_HAL_Driver/Src/stm32f4xx_hal_gpio.o
 .debug_frame   0x0000171c      0x14c ./Drivers/STM32F4xx_HAL_Driver/Src/stm32f4xx_hal_pwr_ex.o
 .debug_frame   0x00001868      0x1f4 ./Drivers/STM32F4xx_HAL_Driver/Src/stm32f4xx_hal_rcc.o
 .debug_frame   0x00001a5c     0x11c0 ./Drivers/STM32F4xx_HAL_Driver/Src/stm32f4xx_hal_tim.o
 .debug_frame   0x00002c1c      0x954 ./Drivers/STM32F4xx_HAL_Driver/Src/stm32f4xx_hal_uart.o
 .debug_frame   0x00003570      0x118 ./User_Architect/Src/user_queue.o
 .debug_frame   0x00003688      0x160 ./User_Architect/Src/user_ring_buffe.o
 .debug_frame   0x000037e8       0x7c ./User_Drives/Src/user_can.o
 .debug_frame   0x00003864       0xec ./User_Drives/Src/user_led.o
 .debug_frame   0x00003950       0xc8 ./User_Drives/Src/user_uart.o
 .debug_frame   0x00003a18       0x30 C:/ST/STM32CubeIDE_1.19.0/STM32CubeIDE/plugins/com.st.stm32cube.ide.mcu.externaltools.gnu-tools-for-stm32.13.3.rel1.win32_1.0.0.202411081344/tools/bin/../lib/gcc/arm-none-eabi/13.3.1/../../../../arm-none-eabi/lib/thumb/v7e-m+fp/hard\libc_nano.a(libc_a-malloc.o)
 .debug_frame   0x00003a48       0x50 C:/ST/STM32CubeIDE_1.19.0/STM32CubeIDE/plugins/com.st.stm32cube.ide.mcu.externaltools.gnu-tools-for-stm32.13.3.rel1.win32_1.0.0.202411081344/tools/bin/../lib/gcc/arm-none-eabi/13.3.1/../../../../arm-none-eabi/lib/thumb/v7e-m+fp/hard\libc_nano.a(libc_a-mallocr.o)
 .debug_frame   0x00003a98       0x30 C:/ST/STM32CubeIDE_1.19.0/STM32CubeIDE/plugins/com.st.stm32cube.ide.mcu.externaltools.gnu-tools-for-stm32.13.3.rel1.win32_1.0.0.202411081344/tools/bin/../lib/gcc/arm-none-eabi/13.3.1/../../../../arm-none-eabi/lib/thumb/v7e-m+fp/hard\libc_nano.a(libc_a-mlock.o)
 .debug_frame   0x00003ac8      0x144 C:/ST/STM32CubeIDE_1.19.0/STM32CubeIDE/plugins/com.st.stm32cube.ide.mcu.externaltools.gnu-tools-for-stm32.13.3.rel1.win32_1.0.0.202411081344/tools/bin/../lib/gcc/arm-none-eabi/13.3.1/../../../../arm-none-eabi/lib/thumb/v7e-m+fp/hard\libc_nano.a(libc_a-findfp.o)
 .debug_frame   0x00003c0c       0x20 C:/ST/STM32CubeIDE_1.19.0/STM32CubeIDE/plugins/com.st.stm32cube.ide.mcu.externaltools.gnu-tools-for-stm32.13.3.rel1.win32_1.0.0.202411081344/tools/bin/../lib/gcc/arm-none-eabi/13.3.1/../../../../arm-none-eabi/lib/thumb/v7e-m+fp/hard\libc_nano.a(libc_a-memset.o)
 .debug_frame   0x00003c2c       0x2c C:/ST/STM32CubeIDE_1.19.0/STM32CubeIDE/plugins/com.st.stm32cube.ide.mcu.externaltools.gnu-tools-for-stm32.13.3.rel1.win32_1.0.0.202411081344/tools/bin/../lib/gcc/arm-none-eabi/13.3.1/../../../../arm-none-eabi/lib/thumb/v7e-m+fp/hard\libc_nano.a(libc_a-init.o)
 .debug_frame   0x00003c58       0xb0 C:/ST/STM32CubeIDE_1.19.0/STM32CubeIDE/plugins/com.st.stm32cube.ide.mcu.externaltools.gnu-tools-for-stm32.13.3.rel1.win32_1.0.0.202411081344/tools/bin/../lib/gcc/arm-none-eabi/13.3.1/../../../../arm-none-eabi/lib/thumb/v7e-m+fp/hard\libc_nano.a(libc_a-lock.o)
 .debug_frame   0x00003d08       0x28 C:/ST/STM32CubeIDE_1.19.0/STM32CubeIDE/plugins/com.st.stm32cube.ide.mcu.externaltools.gnu-tools-for-stm32.13.3.rel1.win32_1.0.0.202411081344/tools/bin/../lib/gcc/arm-none-eabi/13.3.1/../../../../arm-none-eabi/lib/thumb/v7e-m+fp/hard\libc_nano.a(libc_a-memcpy-stub.o)
 .debug_frame   0x00003d30       0x38 C:/ST/STM32CubeIDE_1.19.0/STM32CubeIDE/plugins/com.st.stm32cube.ide.mcu.externaltools.gnu-tools-for-stm32.13.3.rel1.win32_1.0.0.202411081344/tools/bin/../lib/gcc/arm-none-eabi/13.3.1/../../../../arm-none-eabi/lib/thumb/v7e-m+fp/hard\libc_nano.a(libc_a-freer.o)
 .debug_frame   0x00003d68       0x2c C:/ST/STM32CubeIDE_1.19.0/STM32CubeIDE/plugins/com.st.stm32cube.ide.mcu.externaltools.gnu-tools-for-stm32.13.3.rel1.win32_1.0.0.202411081344/tools/bin/../lib/gcc/arm-none-eabi/13.3.1/thumb/v7e-m+fp/hard\libgcc.a(_aeabi_uldivmod.o)
 .debug_frame   0x00003d94       0x34 C:/ST/STM32CubeIDE_1.19.0/STM32CubeIDE/plugins/com.st.stm32cube.ide.mcu.externaltools.gnu-tools-for-stm32.13.3.rel1.win32_1.0.0.202411081344/tools/bin/../lib/gcc/arm-none-eabi/13.3.1/thumb/v7e-m+fp/hard\libgcc.a(_udivmoddi4.o)

.debug_line_str
                0x00000000       0x64
 .debug_line_str
                0x00000000       0x64 ./Core/Startup/startup_stm32f427iihx.o
