../Core/Src/main.c:82:5:main	8	static
../Core/Src/main.c:135:6:SystemClock_Config	88	static
../Core/Src/main.c:188:13:MX_CAN1_Init	8	static
../Core/Src/main.c:225:13:MX_CAN2_Init	8	static
../Core/Src/main.c:262:13:MX_TIM14_Init	8	static
../Core/Src/main.c:293:13:MX_USART1_UART_Init	8	static
../Core/Src/main.c:326:13:MX_USART6_UART_Init	8	static
../Core/Src/main.c:357:13:MX_DMA_Init	16	static
../Core/Src/main.c:381:13:MX_GPIO_Init	56	static
../Core/Src/main.c:440:6:Error_Handler	4	static,ignoring_inline_asm
