../Core/Src/main.c:82:5:main	8	static
../Core/Src/main.c:143:6:SystemClock_Config	88	static
../Core/Src/main.c:196:13:MX_CAN1_Init	8	static
../Core/Src/main.c:233:13:MX_CAN2_Init	8	static
../Core/Src/main.c:270:13:MX_TIM14_Init	8	static
../Core/Src/main.c:301:13:MX_USART1_UART_Init	8	static
../Core/Src/main.c:334:13:MX_USART6_UART_Init	8	static
../Core/Src/main.c:365:13:MX_DMA_Init	16	static
../Core/Src/main.c:389:13:MX_GPIO_Init	56	static
../Core/Src/main.c:448:6:Error_Handler	4	static,ignoring_inline_asm
